Archive member included to satisfy reference by file (symbol)

c:/users/curti/appdata/roaming/code/user/globalstorage/bmd.stm32-for-vscode/@xpack-dev-tools/arm-none-eabi-gcc/12.3.1-1.1.1/.content/bin/../lib/gcc/arm-none-eabi/12.3.1/../../../../arm-none-eabi/lib/thumb/v7e-m+fp/hard\libc_nano.a(libc_a-atexit.o)
                              c:/users/curti/appdata/roaming/code/user/globalstorage/bmd.stm32-for-vscode/@xpack-dev-tools/arm-none-eabi-gcc/12.3.1-1.1.1/.content/bin/../lib/gcc/arm-none-eabi/12.3.1/../../../../arm-none-eabi/lib/thumb/v7e-m+fp/hard/crt0.o (atexit)
c:/users/curti/appdata/roaming/code/user/globalstorage/bmd.stm32-for-vscode/@xpack-dev-tools/arm-none-eabi-gcc/12.3.1-1.1.1/.content/bin/../lib/gcc/arm-none-eabi/12.3.1/../../../../arm-none-eabi/lib/thumb/v7e-m+fp/hard\libc_nano.a(libc_a-exit.o)
                              c:/users/curti/appdata/roaming/code/user/globalstorage/bmd.stm32-for-vscode/@xpack-dev-tools/arm-none-eabi-gcc/12.3.1-1.1.1/.content/bin/../lib/gcc/arm-none-eabi/12.3.1/../../../../arm-none-eabi/lib/thumb/v7e-m+fp/hard/crt0.o (exit)
c:/users/curti/appdata/roaming/code/user/globalstorage/bmd.stm32-for-vscode/@xpack-dev-tools/arm-none-eabi-gcc/12.3.1-1.1.1/.content/bin/../lib/gcc/arm-none-eabi/12.3.1/../../../../arm-none-eabi/lib/thumb/v7e-m+fp/hard\libc_nano.a(libc_a-findfp.o)
                              c:/users/curti/appdata/roaming/code/user/globalstorage/bmd.stm32-for-vscode/@xpack-dev-tools/arm-none-eabi-gcc/12.3.1-1.1.1/.content/bin/../lib/gcc/arm-none-eabi/12.3.1/../../../../arm-none-eabi/lib/thumb/v7e-m+fp/hard\libc_nano.a(libc_a-exit.o) (__stdio_exit_handler)
c:/users/curti/appdata/roaming/code/user/globalstorage/bmd.stm32-for-vscode/@xpack-dev-tools/arm-none-eabi-gcc/12.3.1-1.1.1/.content/bin/../lib/gcc/arm-none-eabi/12.3.1/../../../../arm-none-eabi/lib/thumb/v7e-m+fp/hard\libc_nano.a(libc_a-fwalk.o)
                              c:/users/curti/appdata/roaming/code/user/globalstorage/bmd.stm32-for-vscode/@xpack-dev-tools/arm-none-eabi-gcc/12.3.1-1.1.1/.content/bin/../lib/gcc/arm-none-eabi/12.3.1/../../../../arm-none-eabi/lib/thumb/v7e-m+fp/hard\libc_nano.a(libc_a-findfp.o) (_fwalk_sglue)
c:/users/curti/appdata/roaming/code/user/globalstorage/bmd.stm32-for-vscode/@xpack-dev-tools/arm-none-eabi-gcc/12.3.1-1.1.1/.content/bin/../lib/gcc/arm-none-eabi/12.3.1/../../../../arm-none-eabi/lib/thumb/v7e-m+fp/hard\libc_nano.a(libc_a-stdio.o)
                              c:/users/curti/appdata/roaming/code/user/globalstorage/bmd.stm32-for-vscode/@xpack-dev-tools/arm-none-eabi-gcc/12.3.1-1.1.1/.content/bin/../lib/gcc/arm-none-eabi/12.3.1/../../../../arm-none-eabi/lib/thumb/v7e-m+fp/hard\libc_nano.a(libc_a-findfp.o) (__sread)
c:/users/curti/appdata/roaming/code/user/globalstorage/bmd.stm32-for-vscode/@xpack-dev-tools/arm-none-eabi-gcc/12.3.1-1.1.1/.content/bin/../lib/gcc/arm-none-eabi/12.3.1/../../../../arm-none-eabi/lib/thumb/v7e-m+fp/hard\libc_nano.a(libc_a-memset.o)
                              c:/users/curti/appdata/roaming/code/user/globalstorage/bmd.stm32-for-vscode/@xpack-dev-tools/arm-none-eabi-gcc/12.3.1-1.1.1/.content/bin/../lib/gcc/arm-none-eabi/12.3.1/../../../../arm-none-eabi/lib/thumb/v7e-m+fp/hard/crt0.o (memset)
c:/users/curti/appdata/roaming/code/user/globalstorage/bmd.stm32-for-vscode/@xpack-dev-tools/arm-none-eabi-gcc/12.3.1-1.1.1/.content/bin/../lib/gcc/arm-none-eabi/12.3.1/../../../../arm-none-eabi/lib/thumb/v7e-m+fp/hard\libc_nano.a(libc_a-closer.o)
                              c:/users/curti/appdata/roaming/code/user/globalstorage/bmd.stm32-for-vscode/@xpack-dev-tools/arm-none-eabi-gcc/12.3.1-1.1.1/.content/bin/../lib/gcc/arm-none-eabi/12.3.1/../../../../arm-none-eabi/lib/thumb/v7e-m+fp/hard\libc_nano.a(libc_a-stdio.o) (_close_r)
c:/users/curti/appdata/roaming/code/user/globalstorage/bmd.stm32-for-vscode/@xpack-dev-tools/arm-none-eabi-gcc/12.3.1-1.1.1/.content/bin/../lib/gcc/arm-none-eabi/12.3.1/../../../../arm-none-eabi/lib/thumb/v7e-m+fp/hard\libc_nano.a(libc_a-reent.o)
                              c:/users/curti/appdata/roaming/code/user/globalstorage/bmd.stm32-for-vscode/@xpack-dev-tools/arm-none-eabi-gcc/12.3.1-1.1.1/.content/bin/../lib/gcc/arm-none-eabi/12.3.1/../../../../arm-none-eabi/lib/thumb/v7e-m+fp/hard\libc_nano.a(libc_a-closer.o) (errno)
c:/users/curti/appdata/roaming/code/user/globalstorage/bmd.stm32-for-vscode/@xpack-dev-tools/arm-none-eabi-gcc/12.3.1-1.1.1/.content/bin/../lib/gcc/arm-none-eabi/12.3.1/../../../../arm-none-eabi/lib/thumb/v7e-m+fp/hard\libc_nano.a(libc_a-impure.o)
                              c:/users/curti/appdata/roaming/code/user/globalstorage/bmd.stm32-for-vscode/@xpack-dev-tools/arm-none-eabi-gcc/12.3.1-1.1.1/.content/bin/../lib/gcc/arm-none-eabi/12.3.1/../../../../arm-none-eabi/lib/thumb/v7e-m+fp/hard\libc_nano.a(libc_a-reent.o) (_impure_ptr)
[...]
Memory Configuration

Name             Origin             Length             Attributes
RAM              0x20000000         0x00050000         xrw
RAM2             0x10000000         0x00010000         xrw
FLASH            0x08000000         0x00100000         xr
*default*        0x00000000         0xffffffff

Linker script and memory map

LOAD c:/users/curti/appdata/roaming/code/user/globalstorage/bmd.stm32-for-vscode/@xpack-dev-tools/arm-none-eabi-gcc/12.3.1-1.1.1/.content/bin/../lib/gcc/arm-none-eabi/12.3.1/thumb/v7e-m+fp/hard/crti.o
LOAD c:/users/curti/appdata/roaming/code/user/globalstorage/bmd.stm32-for-vscode/@xpack-dev-tools/arm-none-eabi-gcc/12.3.1-1.1.1/.content/bin/../lib/gcc/arm-none-eabi/12.3.1/thumb/v7e-m+fp/hard/crtbegin.o
LOAD c:/users/curti/appdata/roaming/code/user/globalstorage/bmd.stm32-for-vscode/@xpack-dev-tools/arm-none-eabi-gcc/12.3.1-1.1.1/.content/bin/../lib/gcc/arm-none-eabi/12.3.1/../../../../arm-none-eabi/lib/thumb/v7e-m+fp/hard/crt0.o
LOAD build/main.o
LOAD build/stm32l4xx_hal_msp.o
LOAD build/stm32l4xx_it.o
LOAD build/system_stm32l4xx.o
LOAD build/stm32l4xx_hal.o
LOAD build/stm32l4xx_hal_cortex.o
LOAD build/stm32l4xx_hal_dma.o
LOAD build/stm32l4xx_hal_dma_ex.o
LOAD build/stm32l4xx_hal_exti.o
LOAD build/stm32l4xx_hal_flash.o
LOAD build/stm32l4xx_hal_flash_ex.o
LOAD build/stm32l4xx_hal_flash_ramfunc.o
LOAD build/stm32l4xx_hal_gpio.o
LOAD build/stm32l4xx_hal_pcd.o
LOAD build/stm32l4xx_hal_pcd_ex.o
LOAD build/stm32l4xx_hal_pwr.o
LOAD build/stm32l4xx_hal_pwr_ex.o
LOAD build/stm32l4xx_hal_rcc.o
LOAD build/stm32l4xx_hal_rcc_ex.o
LOAD build/stm32l4xx_hal_tim.o
LOAD build/stm32l4xx_hal_tim_ex.o
LOAD build/stm32l4xx_hal_uart.o
LOAD build/stm32l4xx_hal_uart_ex.o
LOAD build/stm32l4xx_ll_usb.o
LOAD build/startup_stm32l496xx.o
LOAD c:/users/curti/appdata/roaming/code/user/globalstorage/bmd.stm32-for-vscode/@xpack-dev-tools/arm-none-eabi-gcc/12.3.1-1.1.1/.content/bin/../lib/gcc/arm-none-eabi/12.3.1/../../../../arm-none-eabi/lib/thumb/v7e-m+fp/hard\libc_nano.a
LOAD c:/users/curti/appdata/roaming/code/user/globalstorage/bmd.stm32-for-vscode/@xpack-dev-tools/arm-none-eabi-gcc/12.3.1-1.1.1/.content/bin/../lib/gcc/arm-none-eabi/12.3.1/../../../../arm-none-eabi/lib/thumb/v7e-m+fp/hard\libm.a
LOAD c:/users/curti/appdata/roaming/code/user/globalstorage/bmd.stm32-for-vscode/@xpack-dev-tools/arm-none-eabi-gcc/12.3.1-1.1.1/.content/bin/../lib/gcc/arm-none-eabi/12.3.1/../../../../arm-none-eabi/lib/thumb/v7e-m+fp/hard\libnosys.a
START GROUP
LOAD c:/users/curti/appdata/roaming/code/user/globalstorage/bmd.stm32-for-vscode/@xpack-dev-tools/arm-none-eabi-gcc/12.3.1-1.1.1/.content/bin/../lib/gcc/arm-none-eabi/12.3.1/thumb/v7e-m+fp/hard\libgcc.a
LOAD c:/users/curti/appdata/roaming/code/user/globalstorage/bmd.stm32-for-vscode/@xpack-dev-tools/arm-none-eabi-gcc/12.3.1-1.1.1/.content/bin/../lib/gcc/arm-none-eabi/12.3.1/../../../../arm-none-eabi/lib/thumb/v7e-m+fp/hard\libc_nano.a
END GROUP
START GROUP
LOAD c:/users/curti/appdata/roaming/code/user/globalstorage/bmd.stm32-for-vscode/@xpack-dev-tools/arm-none-eabi-gcc/12.3.1-1.1.1/.content/bin/../lib/gcc/arm-none-eabi/12.3.1/thumb/v7e-m+fp/hard\libgcc.a
LOAD c:/users/curti/appdata/roaming/code/user/globalstorage/bmd.stm32-for-vscode/@xpack-dev-tools/arm-none-eabi-gcc/12.3.1-1.1.1/.content/bin/../lib/gcc/arm-none-eabi/12.3.1/../../../../arm-none-eabi/lib/thumb/v7e-m+fp/hard\libc_nano.a
END GROUP
LOAD c:/users/curti/appdata/roaming/code/user/globalstorage/bmd.stm32-for-vscode/@xpack-dev-tools/arm-none-eabi-gcc/12.3.1-1.1.1/.content/bin/../lib/gcc/arm-none-eabi/12.3.1/thumb/v7e-m+fp/hard/crtend.o
LOAD c:/users/curti/appdata/roaming/code/user/globalstorage/bmd.stm32-for-vscode/@xpack-dev-tools/arm-none-eabi-gcc/12.3.1-1.1.1/.content/bin/../lib/gcc/arm-none-eabi/12.3.1/thumb/v7e-m+fp/hard/crtn.o
                0x20050000                        _estack = (ORIGIN (RAM) + LENGTH (RAM))
                0x00000200                        _Min_Heap_Size = 0x200
                0x00000400                        _Min_Stack_Size = 0x400

.isr_vector     0x08000000      0x1b0
                0x08000000                        . = ALIGN (0x8)
 *(.isr_vector)
 .isr_vector    0x08000000      0x1ac build/startup_stm32l496xx.o
                0x08000000                g_pfnVectors
                0x080001b0                        . = ALIGN (0x8)
 *fill*         0x080001ac        0x4 

.text           0x080001b0     0x27f0
                0x080001b0                        . = ALIGN (0x8)
 *(.text)
 .text          0x080001b0       0x30 c:/users/curti/appdata/roaming/code/user/globalstorage/bmd.stm32-for-vscode/@xpack-dev-tools/arm-none-eabi-gcc/12.3.1-1.1.1/.content/bin/../lib/gcc/arm-none-eabi/12.3.1/thumb/v7e-m+fp/hard\libgcc.a(_aeabi_uldivmod.o)
                0x080001b0                __aeabi_uldivmod
 .text          0x080001e0        0x4 c:/users/curti/appdata/roaming/code/user/globalstorage/bmd.stm32-for-vscode/@xpack-dev-tools/arm-none-eabi-gcc/12.3.1-1.1.1/.content/bin/../lib/gcc/arm-none-eabi/12.3.1/thumb/v7e-m+fp/hard\libgcc.a(_dvmd_tls.o)
                0x080001e0                __aeabi_idiv0
                0x080001e0                __aeabi_ldiv0
 *(.text*)
 .text.__do_global_dtors_aux
                0x080001e4       0x24 c:/users/curti/appdata/roaming/code/user/globalstorage/bmd.stm32-for-vscode/@xpack-dev-tools/arm-none-eabi-gcc/12.3.1-1.1.1/.content/bin/../lib/gcc/arm-none-eabi/12.3.1/thumb/v7e-m+fp/hard/crtbegin.o
 .text.frame_dummy
                0x08000208       0x1c c:/users/curti/appdata/roaming/code/user/globalstorage/bmd.stm32-for-vscode/@xpack-dev-tools/arm-none-eabi-gcc/12.3.1-1.1.1/.content/bin/../lib/gcc/arm-none-eabi/12.3.1/thumb/v7e-m+fp/hard/crtbegin.o
 .text.MX_GPIO_Init
                0x08000224       0xec build/main.o
 .text.Error_Handler
                0x08000310        0x4 build/main.o
                0x08000310                Error_Handler
 .text.MX_LPUART1_UART_Init
                0x08000314       0x3c build/main.o
 .text.MX_USB_OTG_FS_PCD_Init
                0x08000350       0x34 build/main.o
 .text.SystemClock_Config
                0x08000384       0xa0 build/main.o
                0x08000384                SystemClock_Config
 .text.main     0x08000424       0x60 build/main.o
                0x08000424                main
 .text.HAL_MspInit
                0x08000484       0x30 build/stm32l4xx_hal_msp.o
                0x08000484                HAL_MspInit
 .text.HAL_UART_MspInit
                0x080004b4       0x90 build/stm32l4xx_hal_msp.o
                0x080004b4                HAL_UART_MspInit
 .text.HAL_PCD_MspInit
                0x08000544       0xe8 build/stm32l4xx_hal_msp.o
                0x08000544                HAL_PCD_MspInit
 .text.NMI_Handler
                0x0800062c        0x2 build/stm32l4xx_it.o
                0x0800062c                NMI_Handler
 .text.HardFault_Handler
                0x0800062e        0x2 build/stm32l4xx_it.o
                0x0800062e                HardFault_Handler
 .text.MemManage_Handler
                0x08000630        0x2 build/stm32l4xx_it.o
                0x08000630                MemManage_Handler
 .text.BusFault_Handler
                0x08000632        0x2 build/stm32l4xx_it.o
                0x08000632                BusFault_Handler
 .text.UsageFault_Handler
                0x08000634        0x2 build/stm32l4xx_it.o
                0x08000634                UsageFault_Handler
 .text.SVC_Handler
                0x08000636        0x2 build/stm32l4xx_it.o
                0x08000636                SVC_Handler
 .text.DebugMon_Handler
                0x08000638        0x2 build/stm32l4xx_it.o
                0x08000638                DebugMon_Handler
 .text.PendSV_Handler
                0x0800063a        0x2 build/stm32l4xx_it.o
                0x0800063a                PendSV_Handler
 .text.SysTick_Handler
                0x0800063c        0x8 build/stm32l4xx_it.o
                0x0800063c                SysTick_Handler
 .text.SystemInit
                0x08000644       0x14 build/system_stm32l4xx.o
                0x08000644                SystemInit
 .text.HAL_InitTick
                0x08000658       0x50 build/stm32l4xx_hal.o
                0x08000658                HAL_InitTick
 .text.HAL_Init
                0x080006a8       0x1e build/stm32l4xx_hal.o
                0x080006a8                HAL_Init
 *fill*         0x080006c6        0x2 
 .text.HAL_IncTick
                0x080006c8       0x18 build/stm32l4xx_hal.o
                0x080006c8                HAL_IncTick
 .text.HAL_GetTick
                0x080006e0        0xc build/stm32l4xx_hal.o
                0x080006e0                HAL_GetTick
 .text.HAL_Delay
                0x080006ec       0x28 build/stm32l4xx_hal.o
                0x080006ec                HAL_Delay
 .text.__NVIC_SetPriority
                0x08000714       0x28 build/stm32l4xx_hal_cortex.o
 .text.NVIC_EncodePriority
                0x0800073c       0x3e build/stm32l4xx_hal_cortex.o
 *fill*         0x0800077a        0x2 
 .text.HAL_NVIC_SetPriorityGrouping
                0x0800077c       0x24 build/stm32l4xx_hal_cortex.o
                0x0800077c                HAL_NVIC_SetPriorityGrouping
 .text.HAL_NVIC_SetPriority
                0x080007a0       0x20 build/stm32l4xx_hal_cortex.o
                0x080007a0                HAL_NVIC_SetPriority
 .text.HAL_SYSTICK_Config
                0x080007c0       0x28 build/stm32l4xx_hal_cortex.o
                0x080007c0                HAL_SYSTICK_Config
 .text.HAL_GPIO_Init
                0x080007e8      0x1f0 build/stm32l4xx_hal_gpio.o
                0x080007e8                HAL_GPIO_Init
 .text.HAL_GPIO_ReadPin
                0x080009d8        0xe build/stm32l4xx_hal_gpio.o
                0x080009d8                HAL_GPIO_ReadPin
 .text.HAL_GPIO_WritePin
                0x080009e6        0xa build/stm32l4xx_hal_gpio.o
                0x080009e6                HAL_GPIO_WritePin
 .text.HAL_PCD_Init
                0x080009f0      0x13c build/stm32l4xx_hal_pcd.o
                0x080009f0                HAL_PCD_Init
 .text.HAL_PCDEx_ActivateLPM
                0x08000b2c       0x26 build/stm32l4xx_hal_pcd_ex.o
                0x08000b2c                HAL_PCDEx_ActivateLPM
 *fill*         0x08000b52        0x2 
 .text.HAL_PWR_EnableBkUpAccess
                0x08000b54       0x10 build/stm32l4xx_hal_pwr.o
                0x08000b54                HAL_PWR_EnableBkUpAccess
 .text.HAL_PWREx_GetVoltageRange
                0x08000b64       0x10 build/stm32l4xx_hal_pwr_ex.o
                0x08000b64                HAL_PWREx_GetVoltageRange
 .text.HAL_PWREx_ControlVoltageScaling
                0x08000b74       0x90 build/stm32l4xx_hal_pwr_ex.o
                0x08000b74                HAL_PWREx_ControlVoltageScaling
 .text.HAL_PWREx_EnableVddUSB
                0x08000c04       0x10 build/stm32l4xx_hal_pwr_ex.o
                0x08000c04                HAL_PWREx_EnableVddUSB
 .text.HAL_PWREx_EnableVddIO2
                0x08000c14       0x10 build/stm32l4xx_hal_pwr_ex.o
                0x08000c14                HAL_PWREx_EnableVddIO2
 .text.RCC_SetFlashLatencyFromMSIRange
                0x08000c24       0x90 build/stm32l4xx_hal_rcc.o
 .text.HAL_RCC_GetSysClockFreq
                0x08000cb4       0xb4 build/stm32l4xx_hal_rcc.o
                0x08000cb4                HAL_RCC_GetSysClockFreq
 .text.HAL_RCC_OscConfig
                0x08000d68      0x67c build/stm32l4xx_hal_rcc.o
                0x08000d68                HAL_RCC_OscConfig
 .text.HAL_RCC_ClockConfig
                0x080013e4      0x188 build/stm32l4xx_hal_rcc.o
                0x080013e4                HAL_RCC_ClockConfig
 .text.HAL_RCC_GetHCLKFreq
                0x0800156c        0xc build/stm32l4xx_hal_rcc.o
                0x0800156c                HAL_RCC_GetHCLKFreq
 .text.HAL_RCC_GetPCLK1Freq
                0x08001578       0x24 build/stm32l4xx_hal_rcc.o
                0x08001578                HAL_RCC_GetPCLK1Freq
 .text.HAL_RCC_GetPCLK2Freq
                0x0800159c       0x24 build/stm32l4xx_hal_rcc.o
                0x0800159c                HAL_RCC_GetPCLK2Freq
 .text.RCCEx_PLLSAI1_Config
                0x080015c0      0x16c build/stm32l4xx_hal_rcc_ex.o
 .text.RCCEx_PLLSAI2_Config
                0x0800172c      0x148 build/stm32l4xx_hal_rcc_ex.o
 .text.HAL_RCCEx_PeriphCLKConfig
                0x08001874      0x470 build/stm32l4xx_hal_rcc_ex.o
                0x08001874                HAL_RCCEx_PeriphCLKConfig
 .text.HAL_RCCEx_EnableMSIPLLMode
                0x08001ce4       0x10 build/stm32l4xx_hal_rcc_ex.o
                0x08001ce4                HAL_RCCEx_EnableMSIPLLMode
 .text.UART_EndRxTransfer
                0x08001cf4       0x52 build/stm32l4xx_hal_uart.o
 *fill*         0x08001d46        0x2 
 .text.UART_SetConfig
                0x08001d48      0x328 build/stm32l4xx_hal_uart.o
                0x08001d48                UART_SetConfig
 .text.UART_AdvFeatureConfig
                0x08002070       0xca build/stm32l4xx_hal_uart.o
                0x08002070                UART_AdvFeatureConfig
 .text.UART_WaitOnFlagUntilTimeout
                0x0800213a       0x96 build/stm32l4xx_hal_uart.o
                0x0800213a                UART_WaitOnFlagUntilTimeout
 .text.UART_CheckIdleState
                0x080021d0       0xc6 build/stm32l4xx_hal_uart.o
                0x080021d0                UART_CheckIdleState
 .text.HAL_UART_Init
                0x08002296       0x62 build/stm32l4xx_hal_uart.o
                0x08002296                HAL_UART_Init
 .text.USB_CoreReset
                0x080022f8       0x50 build/stm32l4xx_ll_usb.o
 .text.USB_CoreInit
                0x08002348       0x38 build/stm32l4xx_ll_usb.o
                0x08002348                USB_CoreInit
 .text.USB_DisableGlobalInt
                0x08002380        0xc build/stm32l4xx_ll_usb.o
                0x08002380                USB_DisableGlobalInt
 .text.USB_FlushTxFifo
                0x0800238c       0x50 build/stm32l4xx_ll_usb.o
                0x0800238c                USB_FlushTxFifo
 .text.USB_FlushRxFifo
                0x080023dc       0x4c build/stm32l4xx_ll_usb.o
                0x080023dc                USB_FlushRxFifo
 .text.USB_SetDevSpeed
                0x08002428        0xe build/stm32l4xx_ll_usb.o
                0x08002428                USB_SetDevSpeed
 *fill*         0x08002436        0x2 
 .text.USB_DevInit
                0x08002438      0x160 build/stm32l4xx_ll_usb.o
                0x08002438                USB_DevInit
 .text.USB_DevDisconnect
                0x08002598       0x1c build/stm32l4xx_ll_usb.o
                0x08002598                USB_DevDisconnect
 .text.USB_GetMode
                0x080025b4        0x8 build/stm32l4xx_ll_usb.o
                0x080025b4                USB_GetMode
 .text.USB_SetCurrentMode
                0x080025bc       0x62 build/stm32l4xx_ll_usb.o
                0x080025bc                USB_SetCurrentMode
 *fill*         0x0800261e        0x2 
 .text.Reset_Handler
                0x08002620       0x50 build/startup_stm32l496xx.o
                0x08002620                Reset_Handler
 .text.Default_Handler
                0x08002670        0x2 build/startup_stm32l496xx.o
                0x08002670                RTC_Alarm_IRQHandler
                0x08002670                EXTI2_IRQHandler
                0x08002670                TIM8_TRG_COM_IRQHandler
                0x08002670                TIM8_CC_IRQHandler
                0x08002670                TIM1_CC_IRQHandler
                0x08002670                TSC_IRQHandler
                0x08002670                TAMP_STAMP_IRQHandler
                0x08002670                CAN2_RX1_IRQHandler
                0x08002670                EXTI3_IRQHandler
                0x08002670                LPTIM2_IRQHandler
                0x08002670                DFSDM1_FLT1_IRQHandler
                0x08002670                I2C3_ER_IRQHandler
                0x08002670                DFSDM1_FLT2_IRQHandler
                0x08002670                EXTI0_IRQHandler
                0x08002670                I2C2_EV_IRQHandler
                0x08002670                CAN1_RX0_IRQHandler
                0x08002670                FPU_IRQHandler
                0x08002670                TIM1_UP_TIM16_IRQHandler
                0x08002670                CAN2_SCE_IRQHandler
                0x08002670                ADC1_2_IRQHandler
                0x08002670                SPI1_IRQHandler
                0x08002670                TIM6_DAC_IRQHandler
                0x08002670                DCMI_IRQHandler
                0x08002670                CAN2_RX0_IRQHandler
                0x08002670                TIM8_UP_IRQHandler
                0x08002670                DMA2_Channel2_IRQHandler
                0x08002670                DMA1_Channel4_IRQHandler
                0x08002670                SAI2_IRQHandler
                0x08002670                DFSDM1_FLT3_IRQHandler
                0x08002670                USART3_IRQHandler
                0x08002670                DMA1_Channel7_IRQHandler
                0x08002670                CAN1_RX1_IRQHandler
                0x08002670                LCD_IRQHandler
                0x08002670                UART5_IRQHandler
                0x08002670                ADC3_IRQHandler
                0x08002670                TIM4_IRQHandler
                0x08002670                DMA2_Channel1_IRQHandler
                0x08002670                QUADSPI_IRQHandler
                0x08002670                I2C1_EV_IRQHandler
                0x08002670                DMA1_Channel6_IRQHandler
                0x08002670                UART4_IRQHandler
                0x08002670                DMA2_Channel4_IRQHandler
                0x08002670                TIM3_IRQHandler
                0x08002670                RCC_IRQHandler
                0x08002670                DMA1_Channel1_IRQHandler
                0x08002670                Default_Handler
                0x08002670                DMA2_Channel7_IRQHandler
                0x08002670                EXTI15_10_IRQHandler
                0x08002670                TIM7_IRQHandler
                0x08002670                SDMMC1_IRQHandler
                0x08002670                CAN2_TX_IRQHandler
                0x08002670                TIM5_IRQHandler
                0x08002670                I2C3_EV_IRQHandler
                0x08002670                EXTI9_5_IRQHandler
                0x08002670                RTC_WKUP_IRQHandler
                0x08002670                PVD_PVM_IRQHandler
                0x08002670                SPI2_IRQHandler
                0x08002670                CAN1_TX_IRQHandler
                0x08002670                DMA2_Channel5_IRQHandler
                0x08002670                CRS_IRQHandler
                0x08002670                DMA1_Channel5_IRQHandler
                0x08002670                EXTI4_IRQHandler
                0x08002670                RNG_IRQHandler
                0x08002670                TIM1_TRG_COM_TIM17_IRQHandler
                0x08002670                DMA1_Channel3_IRQHandler
                0x08002670                COMP_IRQHandler
                0x08002670                WWDG_IRQHandler
                0x08002670                I2C4_EV_IRQHandler
                0x08002670                LPUART1_IRQHandler
                0x08002670                DMA2_Channel6_IRQHandler
                0x08002670                TIM2_IRQHandler
                0x08002670                EXTI1_IRQHandler
                0x08002670                USART2_IRQHandler
                0x08002670                DFSDM1_FLT0_IRQHandler
                0x08002670                I2C2_ER_IRQHandler
                0x08002670                DMA1_Channel2_IRQHandler
                0x08002670                TIM8_BRK_IRQHandler
                0x08002670                CAN1_SCE_IRQHandler
                0x08002670                FLASH_IRQHandler
                0x08002670                USART1_IRQHandler
                0x08002670                OTG_FS_IRQHandler
                0x08002670                SPI3_IRQHandler
                0x08002670                I2C1_ER_IRQHandler
                0x08002670                FMC_IRQHandler
                0x08002670                SWPMI1_IRQHandler
                0x08002670                LPTIM1_IRQHandler
                0x08002670                I2C4_ER_IRQHandler
                0x08002670                SAI1_IRQHandler
                0x08002670                DMA2_Channel3_IRQHandler
                0x08002670                TIM1_BRK_TIM15_IRQHandler
 .text.memset   0x08002672       0x10 c:/users/curti/appdata/roaming/code/user/globalstorage/bmd.stm32-for-vscode/@xpack-dev-tools/arm-none-eabi-gcc/12.3.1-1.1.1/.content/bin/../lib/gcc/arm-none-eabi/12.3.1/../../../../arm-none-eabi/lib/thumb/v7e-m+fp/hard\libc_nano.a(libc_a-memset.o)
                0x08002672                memset
 *fill*         0x08002682        0x2 
 .text.__libc_init_array
                0x08002684       0x48 c:/users/curti/appdata/roaming/code/user/globalstorage/bmd.stm32-for-vscode/@xpack-dev-tools/arm-none-eabi-gcc/12.3.1-1.1.1/.content/bin/../lib/gcc/arm-none-eabi/12.3.1/../../../../arm-none-eabi/lib/thumb/v7e-m+fp/hard\libc_nano.a(libc_a-init.o)
                0x08002684                __libc_init_array
 .text.__udivmoddi4
                0x080026cc      0x2bc c:/users/curti/appdata/roaming/code/user/globalstorage/bmd.stm32-for-vscode/@xpack-dev-tools/arm-none-eabi-gcc/12.3.1-1.1.1/.content/bin/../lib/gcc/arm-none-eabi/12.3.1/thumb/v7e-m+fp/hard\libgcc.a(_udivmoddi4.o)
                0x080026cc                __udivmoddi4
 *(.glue_7)
 .glue_7        0x08002988        0x0 linker stubs
 *(.glue_7t)
 .glue_7t       0x08002988        0x0 linker stubs
 *(.eh_frame)
 .eh_frame      0x08002988        0x0 c:/users/curti/appdata/roaming/code/user/globalstorage/bmd.stm32-for-vscode/@xpack-dev-tools/arm-none-eabi-gcc/12.3.1-1.1.1/.content/bin/../lib/gcc/arm-none-eabi/12.3.1/thumb/v7e-m+fp/hard/crtbegin.o
 *(.init)
 .init          0x08002988        0x4 c:/users/curti/appdata/roaming/code/user/globalstorage/bmd.stm32-for-vscode/@xpack-dev-tools/arm-none-eabi-gcc/12.3.1-1.1.1/.content/bin/../lib/gcc/arm-none-eabi/12.3.1/thumb/v7e-m+fp/hard/crti.o
                0x08002988                _init
 .init          0x0800298c        0x8 c:/users/curti/appdata/roaming/code/user/globalstorage/bmd.stm32-for-vscode/@xpack-dev-tools/arm-none-eabi-gcc/12.3.1-1.1.1/.content/bin/../lib/gcc/arm-none-eabi/12.3.1/thumb/v7e-m+fp/hard/crtn.o
 *(.fini)
 .fini          0x08002994        0x4 c:/users/curti/appdata/roaming/code/user/globalstorage/bmd.stm32-for-vscode/@xpack-dev-tools/arm-none-eabi-gcc/12.3.1-1.1.1/.content/bin/../lib/gcc/arm-none-eabi/12.3.1/thumb/v7e-m+fp/hard/crti.o
                0x08002994                _fini
 .fini          0x08002998        0x8 c:/users/curti/appdata/roaming/code/user/globalstorage/bmd.stm32-for-vscode/@xpack-dev-tools/arm-none-eabi-gcc/12.3.1-1.1.1/.content/bin/../lib/gcc/arm-none-eabi/12.3.1/thumb/v7e-m+fp/hard/crtn.o
                0x080029a0                        . = ALIGN (0x8)
                0x080029a0                        _etext = .

.vfp11_veneer   0x080029a0        0x0
 .vfp11_veneer  0x080029a0        0x0 linker stubs

.v4_bx          0x080029a0        0x0
 .v4_bx         0x080029a0        0x0 linker stubs

.iplt           0x080029a0        0x0
 .iplt          0x080029a0        0x0 c:/users/curti/appdata/roaming/code/user/globalstorage/bmd.stm32-for-vscode/@xpack-dev-tools/arm-none-eabi-gcc/12.3.1-1.1.1/.content/bin/../lib/gcc/arm-none-eabi/12.3.1/thumb/v7e-m+fp/hard/crtbegin.o

.rodata         0x080029a0       0x48
                0x080029a0                        . = ALIGN (0x8)
 *(.rodata)
 *(.rodata*)
 .rodata.MSIRangeTable
                0x080029a0       0x30 build/system_stm32l4xx.o
                0x080029a0                MSIRangeTable
 .rodata.APBPrescTable
                0x080029d0        0x8 build/system_stm32l4xx.o
                0x080029d0                APBPrescTable
 .rodata.AHBPrescTable
                0x080029d8       0x10 build/system_stm32l4xx.o
                0x080029d8                AHBPrescTable
                0x080029e8                        . = ALIGN (0x8)

.ARM.extab      0x080029e8        0x0
                0x080029e8                        . = ALIGN (0x8)
 *(.ARM.extab* .gnu.linkonce.armextab.*)
                0x080029e8                        . = ALIGN (0x8)

.ARM            0x080029e8        0x8
                0x080029e8                        . = ALIGN (0x8)
                0x080029e8                        __exidx_start = .
 *(.ARM.exidx*)
 .ARM.exidx.text.__udivmoddi4
                0x080029e8        0x8 c:/users/curti/appdata/roaming/code/user/globalstorage/bmd.stm32-for-vscode/@xpack-dev-tools/arm-none-eabi-gcc/12.3.1-1.1.1/.content/bin/../lib/gcc/arm-none-eabi/12.3.1/thumb/v7e-m+fp/hard\libgcc.a(_udivmoddi4.o)
                0x080029f0                        __exidx_end = .
                0x080029f0                        . = ALIGN (0x8)

.rel.dyn        0x080029f0        0x0
 .rel.iplt      0x080029f0        0x0 c:/users/curti/appdata/roaming/code/user/globalstorage/bmd.stm32-for-vscode/@xpack-dev-tools/arm-none-eabi-gcc/12.3.1-1.1.1/.content/bin/../lib/gcc/arm-none-eabi/12.3.1/thumb/v7e-m+fp/hard/crtbegin.o

.preinit_array  0x080029f0        0x0
                0x080029f0                        . = ALIGN (0x8)
                0x080029f0                        PROVIDE (__preinit_array_start = .)
 *(.preinit_array*)
                0x080029f0                        PROVIDE (__preinit_array_end = .)
                0x080029f0                        . = ALIGN (0x8)

.init_array     0x080029f0        0x8
                0x080029f0                        . = ALIGN (0x8)
                0x080029f0                        PROVIDE (__init_array_start = .)
 *(SORT_BY_NAME(.init_array.*))
 *(.init_array*)
 .init_array    0x080029f0        0x4 c:/users/curti/appdata/roaming/code/user/globalstorage/bmd.stm32-for-vscode/@xpack-dev-tools/arm-none-eabi-gcc/12.3.1-1.1.1/.content/bin/../lib/gcc/arm-none-eabi/12.3.1/thumb/v7e-m+fp/hard/crtbegin.o
                0x080029f4                        PROVIDE (__init_array_end = .)
                0x080029f8                        . = ALIGN (0x8)
 *fill*         0x080029f4        0x4 

.fini_array     0x080029f8        0x8
                0x080029f8                        . = ALIGN (0x8)
                0x080029f8                        PROVIDE (__fini_array_start = .)
 *(SORT_BY_NAME(.fini_array.*))
 *(.fini_array*)
 .fini_array    0x080029f8        0x4 c:/users/curti/appdata/roaming/code/user/globalstorage/bmd.stm32-for-vscode/@xpack-dev-tools/arm-none-eabi-gcc/12.3.1-1.1.1/.content/bin/../lib/gcc/arm-none-eabi/12.3.1/thumb/v7e-m+fp/hard/crtbegin.o
                0x080029fc                        PROVIDE (__fini_array_end = .)
                0x08002a00                        . = ALIGN (0x8)
 *fill*         0x080029fc        0x4 
                0x08002a00                        _sidata = LOADADDR (.data)

.data           0x20000000       0x10 load address 0x08002a00
                0x20000000                        . = ALIGN (0x8)
                0x20000000                        _sdata = .
 *(.data)
 *(.data*)
 .data.SystemCoreClock
                0x20000000        0x4 build/system_stm32l4xx.o
                0x20000000                SystemCoreClock
 .data.uwTickFreq
                0x20000004        0x1 build/stm32l4xx_hal.o
                0x20000004                uwTickFreq
 *fill*         0x20000005        0x3 
 .data.uwTickPrio
                0x20000008        0x4 build/stm32l4xx_hal.o
                0x20000008                uwTickPrio
                0x20000010                        . = ALIGN (0x8)
 *fill*         0x2000000c        0x4 
                0x20000010                        _edata = .

.igot.plt       0x20000010        0x0 load address 0x08002a10
 .igot.plt      0x20000010        0x0 c:/users/curti/appdata/roaming/code/user/globalstorage/bmd.stm32-for-vscode/@xpack-dev-tools/arm-none-eabi-gcc/12.3.1-1.1.1/.content/bin/../lib/gcc/arm-none-eabi/12.3.1/thumb/v7e-m+fp/hard/crtbegin.o
                0x20000010                        . = ALIGN (0x4)

.bss            0x20000010      0x5b4 load address 0x08002a10
                0x20000010                        _sbss = .
                0x20000010                        __bss_start__ = _sbss
 *(.bss)
 *(.bss*)
 .bss.completed.1
                0x20000010        0x1 c:/users/curti/appdata/roaming/code/user/globalstorage/bmd.stm32-for-vscode/@xpack-dev-tools/arm-none-eabi-gcc/12.3.1-1.1.1/.content/bin/../lib/gcc/arm-none-eabi/12.3.1/thumb/v7e-m+fp/hard/crtbegin.o
 *fill*         0x20000011        0x3 
 .bss.object.0  0x20000014       0x18 c:/users/curti/appdata/roaming/code/user/globalstorage/bmd.stm32-for-vscode/@xpack-dev-tools/arm-none-eabi-gcc/12.3.1-1.1.1/.content/bin/../lib/gcc/arm-none-eabi/12.3.1/thumb/v7e-m+fp/hard/crtbegin.o
 .bss.hpcd_USB_OTG_FS
                0x2000002c      0x50c build/main.o
                0x2000002c                hpcd_USB_OTG_FS
 .bss.hlpuart1  0x20000538       0x88 build/main.o
                0x20000538                hlpuart1
 .bss.uwTick    0x200005c0        0x4 build/stm32l4xx_hal.o
                0x200005c0                uwTick
 *(COMMON)
                0x200005c4                        . = ALIGN (0x4)
                0x200005c4                        _ebss = .
                0x200005c4                        __bss_end__ = _ebss

._user_heap_stack
                0x200005c4      0x604 load address 0x08002a10
                0x200005c8                        . = ALIGN (0x8)
 *fill*         0x200005c4        0x4 
                0x200005c8                        PROVIDE (end = .)
                [!provide]                        PROVIDE (_end = .)
                0x200007c8                        . = (. + _Min_Heap_Size)
 *fill*         0x200005c8      0x200 
                0x20000bc8                        . = (. + _Min_Stack_Size)
 *fill*         0x200007c8      0x400 
                0x20000bc8                        . = ALIGN (0x8)

/DISCARD/
 libc.a(*)
 libm.a(*)
 libgcc.a(*)

.ARM.attributes
                0x00000000       0x30
 *(.ARM.attributes)
 .ARM.attributes
                0x00000000       0x22 c:/users/curti/appdata/roaming/code/user/globalstorage/bmd.stm32-for-vscode/@xpack-dev-tools/arm-none-eabi-gcc/12.3.1-1.1.1/.content/bin/../lib/gcc/arm-none-eabi/12.3.1/thumb/v7e-m+fp/hard/crti.o
 .ARM.attributes
                0x00000022       0x34 c:/users/curti/appdata/roaming/code/user/globalstorage/bmd.stm32-for-vscode/@xpack-dev-tools/arm-none-eabi-gcc/12.3.1-1.1.1/.content/bin/../lib/gcc/arm-none-eabi/12.3.1/thumb/v7e-m+fp/hard/crtbegin.o
 .ARM.attributes
                0x00000056       0x34 build/main.o
 .ARM.attributes
                0x0000008a       0x34 build/stm32l4xx_hal_msp.o
 .ARM.attributes
                0x000000be       0x34 build/stm32l4xx_it.o
 .ARM.attributes
                0x000000f2       0x34 build/system_stm32l4xx.o
 .ARM.attributes
                0x00000126       0x34 build/stm32l4xx_hal.o
 .ARM.attributes
                0x0000015a       0x34 build/stm32l4xx_hal_cortex.o
 .ARM.attributes
                0x0000018e       0x34 build/stm32l4xx_hal_gpio.o
 .ARM.attributes
                0x000001c2       0x34 build/stm32l4xx_hal_pcd.o
 .ARM.attributes
                0x000001f6       0x34 build/stm32l4xx_hal_pcd_ex.o
 .ARM.attributes
                0x0000022a       0x34 build/stm32l4xx_hal_pwr.o
 .ARM.attributes
                0x0000025e       0x34 build/stm32l4xx_hal_pwr_ex.o
 .ARM.attributes
                0x00000292       0x34 build/stm32l4xx_hal_rcc.o
 .ARM.attributes
                0x000002c6       0x34 build/stm32l4xx_hal_rcc_ex.o
 .ARM.attributes
                0x000002fa       0x34 build/stm32l4xx_hal_uart.o
 .ARM.attributes
                0x0000032e       0x34 build/stm32l4xx_ll_usb.o
 .ARM.attributes
                0x00000362       0x21 build/startup_stm32l496xx.o
 .ARM.attributes
                0x00000383       0x34 c:/users/curti/appdata/roaming/code/user/globalstorage/bmd.stm32-for-vscode/@xpack-dev-tools/arm-none-eabi-gcc/12.3.1-1.1.1/.content/bin/../lib/gcc/arm-none-eabi/12.3.1/../../../../arm-none-eabi/lib/thumb/v7e-m+fp/hard\libc_nano.a(libc_a-memset.o)
 .ARM.attributes
                0x000003b7       0x34 c:/users/curti/appdata/roaming/code/user/globalstorage/bmd.stm32-for-vscode/@xpack-dev-tools/arm-none-eabi-gcc/12.3.1-1.1.1/.content/bin/../lib/gcc/arm-none-eabi/12.3.1/../../../../arm-none-eabi/lib/thumb/v7e-m+fp/hard\libc_nano.a(libc_a-init.o)
 .ARM.attributes
                0x000003eb       0x22 c:/users/curti/appdata/roaming/code/user/globalstorage/bmd.stm32-for-vscode/@xpack-dev-tools/arm-none-eabi-gcc/12.3.1-1.1.1/.content/bin/../lib/gcc/arm-none-eabi/12.3.1/thumb/v7e-m+fp/hard\libgcc.a(_aeabi_uldivmod.o)
 .ARM.attributes
                0x0000040d       0x34 c:/users/curti/appdata/roaming/code/user/globalstorage/bmd.stm32-for-vscode/@xpack-dev-tools/arm-none-eabi-gcc/12.3.1-1.1.1/.content/bin/../lib/gcc/arm-none-eabi/12.3.1/thumb/v7e-m+fp/hard\libgcc.a(_udivmoddi4.o)
 .ARM.attributes
                0x00000441       0x22 c:/users/curti/appdata/roaming/code/user/globalstorage/bmd.stm32-for-vscode/@xpack-dev-tools/arm-none-eabi-gcc/12.3.1-1.1.1/.content/bin/../lib/gcc/arm-none-eabi/12.3.1/thumb/v7e-m+fp/hard\libgcc.a(_dvmd_tls.o)
 .ARM.attributes
                0x00000463       0x22 c:/users/curti/appdata/roaming/code/user/globalstorage/bmd.stm32-for-vscode/@xpack-dev-tools/arm-none-eabi-gcc/12.3.1-1.1.1/.content/bin/../lib/gcc/arm-none-eabi/12.3.1/thumb/v7e-m+fp/hard/crtn.o
OUTPUT(build/2023_conboarding.elf elf32-littlearm)
LOAD linker stubs
LOAD c:/users/curti/appdata/roaming/code/user/globalstorage/bmd.stm32-for-vscode/@xpack-dev-tools/arm-none-eabi-gcc/12.3.1-1.1.1/.content/bin/../lib/gcc/arm-none-eabi/12.3.1/../../../../arm-none-eabi/lib/thumb/v7e-m+fp/hard\libc.a
LOAD c:/users/curti/appdata/roaming/code/user/globalstorage/bmd.stm32-for-vscode/@xpack-dev-tools/arm-none-eabi-gcc/12.3.1-1.1.1/.content/bin/../lib/gcc/arm-none-eabi/12.3.1/../../../../arm-none-eabi/lib/thumb/v7e-m+fp/hard\libm.a
LOAD c:/users/curti/appdata/roaming/code/user/globalstorage/bmd.stm32-for-vscode/@xpack-dev-tools/arm-none-eabi-gcc/12.3.1-1.1.1/.content/bin/../lib/gcc/arm-none-eabi/12.3.1/thumb/v7e-m+fp/hard\libgcc.a

.comment        0x00000000       0x39
 .comment       0x00000000       0x39 c:/users/curti/appdata/roaming/code/user/globalstorage/bmd.stm32-for-vscode/@xpack-dev-tools/arm-none-eabi-gcc/12.3.1-1.1.1/.content/bin/../lib/gcc/arm-none-eabi/12.3.1/thumb/v7e-m+fp/hard/crtbegin.o
                                 0x3a (size before relaxing)
 .comment       0x00000039       0x3a build/main.o
 .comment       0x00000039       0x3a build/stm32l4xx_hal_msp.o
 .comment       0x00000039       0x3a build/stm32l4xx_it.o
 .comment       0x00000039       0x3a build/system_stm32l4xx.o
 .comment       0x00000039       0x3a build/stm32l4xx_hal.o
 .comment       0x00000039       0x3a build/stm32l4xx_hal_cortex.o
 .comment       0x00000039       0x3a build/stm32l4xx_hal_gpio.o
 .comment       0x00000039       0x3a build/stm32l4xx_hal_pcd.o
 .comment       0x00000039       0x3a build/stm32l4xx_hal_pcd_ex.o
 .comment       0x00000039       0x3a build/stm32l4xx_hal_pwr.o
 .comment       0x00000039       0x3a build/stm32l4xx_hal_pwr_ex.o
 .comment       0x00000039       0x3a build/stm32l4xx_hal_rcc.o
 .comment       0x00000039       0x3a build/stm32l4xx_hal_rcc_ex.o
 .comment       0x00000039       0x3a build/stm32l4xx_hal_uart.o
 .comment       0x00000039       0x3a build/stm32l4xx_ll_usb.o
 .comment       0x00000039       0x3a c:/users/curti/appdata/roaming/code/user/globalstorage/bmd.stm32-for-vscode/@xpack-dev-tools/arm-none-eabi-gcc/12.3.1-1.1.1/.content/bin/../lib/gcc/arm-none-eabi/12.3.1/../../../../arm-none-eabi/lib/thumb/v7e-m+fp/hard\libc_nano.a(libc_a-memset.o)
 .comment       0x00000039       0x3a c:/users/curti/appdata/roaming/code/user/globalstorage/bmd.stm32-for-vscode/@xpack-dev-tools/arm-none-eabi-gcc/12.3.1-1.1.1/.content/bin/../lib/gcc/arm-none-eabi/12.3.1/../../../../arm-none-eabi/lib/thumb/v7e-m+fp/hard\libc_nano.a(libc_a-init.o)
 .comment       0x00000039       0x3a c:/users/curti/appdata/roaming/code/user/globalstorage/bmd.stm32-for-vscode/@xpack-dev-tools/arm-none-eabi-gcc/12.3.1-1.1.1/.content/bin/../lib/gcc/arm-none-eabi/12.3.1/thumb/v7e-m+fp/hard\libgcc.a(_udivmoddi4.o)

.debug_info     0x00000000    0x12767
 .debug_info    0x00000000     0x157b build/main.o
 .debug_info    0x0000157b     0x1476 build/stm32l4xx_hal_msp.o
 .debug_info    0x000029f1      0x11d build/stm32l4xx_it.o
 .debug_info    0x00002b0e      0x5e7 build/system_stm32l4xx.o
 .debug_info    0x000030f5      0xc06 build/stm32l4xx_hal.o
 .debug_info    0x00003cfb      0xfb3 build/stm32l4xx_hal_cortex.o
 .debug_info    0x00004cae      0x7a1 build/stm32l4xx_hal_gpio.o
 .debug_info    0x0000544f     0x1b0a build/stm32l4xx_hal_pcd.o
 .debug_info    0x00006f59      0xa05 build/stm32l4xx_hal_pcd_ex.o
 .debug_info    0x0000795e      0x999 build/stm32l4xx_hal_pwr.o
 .debug_info    0x000082f7      0xa44 build/stm32l4xx_hal_pwr_ex.o
 .debug_info    0x00008d3b      0xed0 build/stm32l4xx_hal_rcc.o
 .debug_info    0x00009c0b     0x1507 build/stm32l4xx_hal_rcc_ex.o
 .debug_info    0x0000b112     0x50c7 build/stm32l4xx_hal_uart.o
 .debug_info    0x000101d9     0x1e01 build/stm32l4xx_ll_usb.o
 .debug_info    0x00011fda       0x30 build/startup_stm32l496xx.o
 .debug_info    0x0001200a       0x24 c:/users/curti/appdata/roaming/code/user/globalstorage/bmd.stm32-for-vscode/@xpack-dev-tools/arm-none-eabi-gcc/12.3.1-1.1.1/.content/bin/../lib/gcc/arm-none-eabi/12.3.1/thumb/v7e-m+fp/hard\libgcc.a(_aeabi_uldivmod.o)
 .debug_info    0x0001202e      0x6fd c:/users/curti/appdata/roaming/code/user/globalstorage/bmd.stm32-for-vscode/@xpack-dev-tools/arm-none-eabi-gcc/12.3.1-1.1.1/.content/bin/../lib/gcc/arm-none-eabi/12.3.1/thumb/v7e-m+fp/hard\libgcc.a(_udivmoddi4.o)
 .debug_info    0x0001272b       0x3c c:/users/curti/appdata/roaming/code/user/globalstorage/bmd.stm32-for-vscode/@xpack-dev-tools/arm-none-eabi-gcc/12.3.1-1.1.1/.content/bin/../lib/gcc/arm-none-eabi/12.3.1/thumb/v7e-m+fp/hard\libgcc.a(_dvmd_tls.o)

.debug_abbrev   0x00000000     0x25a2
 .debug_abbrev  0x00000000      0x2fa build/main.o
 .debug_abbrev  0x000002fa      0x25b build/stm32l4xx_hal_msp.o
 .debug_abbrev  0x00000555       0x7c build/stm32l4xx_it.o
 .debug_abbrev  0x000005d1      0x11e build/system_stm32l4xx.o
 .debug_abbrev  0x000006ef      0x267 build/stm32l4xx_hal.o
 .debug_abbrev  0x00000956      0x39b build/stm32l4xx_hal_cortex.o
 .debug_abbrev  0x00000cf1      0x1f9 build/stm32l4xx_hal_gpio.o
 .debug_abbrev  0x00000eea      0x2f0 build/stm32l4xx_hal_pcd.o
 .debug_abbrev  0x000011da      0x2ad build/stm32l4xx_hal_pcd_ex.o
 .debug_abbrev  0x00001487      0x1c1 build/stm32l4xx_hal_pwr.o
 .debug_abbrev  0x00001648      0x215 build/stm32l4xx_hal_pwr_ex.o
 .debug_abbrev  0x0000185d      0x2ab build/stm32l4xx_hal_rcc.o
 .debug_abbrev  0x00001b08      0x2a8 build/stm32l4xx_hal_rcc_ex.o
 .debug_abbrev  0x00001db0      0x301 build/stm32l4xx_hal_uart.o
 .debug_abbrev  0x000020b1      0x329 build/stm32l4xx_ll_usb.o
 .debug_abbrev  0x000023da       0x24 build/startup_stm32l496xx.o
 .debug_abbrev  0x000023fe       0x14 c:/users/curti/appdata/roaming/code/user/globalstorage/bmd.stm32-for-vscode/@xpack-dev-tools/arm-none-eabi-gcc/12.3.1-1.1.1/.content/bin/../lib/gcc/arm-none-eabi/12.3.1/thumb/v7e-m+fp/hard\libgcc.a(_aeabi_uldivmod.o)
 .debug_abbrev  0x00002412      0x16a c:/users/curti/appdata/roaming/code/user/globalstorage/bmd.stm32-for-vscode/@xpack-dev-tools/arm-none-eabi-gcc/12.3.1-1.1.1/.content/bin/../lib/gcc/arm-none-eabi/12.3.1/thumb/v7e-m+fp/hard\libgcc.a(_udivmoddi4.o)
 .debug_abbrev  0x0000257c       0x26 c:/users/curti/appdata/roaming/code/user/globalstorage/bmd.stm32-for-vscode/@xpack-dev-tools/arm-none-eabi-gcc/12.3.1-1.1.1/.content/bin/../lib/gcc/arm-none-eabi/12.3.1/thumb/v7e-m+fp/hard\libgcc.a(_dvmd_tls.o)

.debug_aranges  0x00000000      0xce0
 .debug_aranges
                0x00000000       0x48 build/main.o
 .debug_aranges
                0x00000048       0x40 build/stm32l4xx_hal_msp.o
 .debug_aranges
                0x00000088       0x60 build/stm32l4xx_it.o
 .debug_aranges
                0x000000e8       0x28 build/system_stm32l4xx.o
 .debug_aranges
                0x00000110      0x130 build/stm32l4xx_hal.o
 .debug_aranges
                0x00000240       0xe0 build/stm32l4xx_hal_cortex.o
 .debug_aranges
                0x00000320       0x58 build/stm32l4xx_hal_gpio.o
 .debug_aranges
                0x00000378      0x138 build/stm32l4xx_hal_pcd.o
 .debug_aranges
                0x000004b0       0x60 build/stm32l4xx_hal_pcd_ex.o
 .debug_aranges
                0x00000510       0x98 build/stm32l4xx_hal_pwr.o
 .debug_aranges
                0x000005a8      0x150 build/stm32l4xx_hal_pwr_ex.o
 .debug_aranges
                0x000006f8       0x90 build/stm32l4xx_hal_rcc.o
 .debug_aranges
                0x00000788      0x108 build/stm32l4xx_hal_rcc_ex.o
 .debug_aranges
                0x00000890      0x228 build/stm32l4xx_hal_uart.o
 .debug_aranges
                0x00000ab8      0x1a0 build/stm32l4xx_ll_usb.o
 .debug_aranges
                0x00000c58       0x28 build/startup_stm32l496xx.o
 .debug_aranges
                0x00000c80       0x20 c:/users/curti/appdata/roaming/code/user/globalstorage/bmd.stm32-for-vscode/@xpack-dev-tools/arm-none-eabi-gcc/12.3.1-1.1.1/.content/bin/../lib/gcc/arm-none-eabi/12.3.1/thumb/v7e-m+fp/hard\libgcc.a(_aeabi_uldivmod.o)
 .debug_aranges
                0x00000ca0       0x20 c:/users/curti/appdata/roaming/code/user/globalstorage/bmd.stm32-for-vscode/@xpack-dev-tools/arm-none-eabi-gcc/12.3.1-1.1.1/.content/bin/../lib/gcc/arm-none-eabi/12.3.1/thumb/v7e-m+fp/hard\libgcc.a(_udivmoddi4.o)
 .debug_aranges
                0x00000cc0       0x20 c:/users/curti/appdata/roaming/code/user/globalstorage/bmd.stm32-for-vscode/@xpack-dev-tools/arm-none-eabi-gcc/12.3.1-1.1.1/.content/bin/../lib/gcc/arm-none-eabi/12.3.1/thumb/v7e-m+fp/hard\libgcc.a(_dvmd_tls.o)

.debug_rnglists
                0x00000000      0xa1d
 .debug_rnglists
                0x00000000       0x33 build/main.o
 .debug_rnglists
                0x00000033       0x2d build/stm32l4xx_hal_msp.o
 .debug_rnglists
                0x00000060       0x43 build/stm32l4xx_it.o
 .debug_rnglists
                0x000000a3       0x1a build/system_stm32l4xx.o
 .debug_rnglists
                0x000000bd       0xdf build/stm32l4xx_hal.o
 .debug_rnglists
                0x0000019c       0xa3 build/stm32l4xx_hal_cortex.o
 .debug_rnglists
                0x0000023f       0x3f build/stm32l4xx_hal_gpio.o
 .debug_rnglists
                0x0000027e       0xea build/stm32l4xx_hal_pcd.o
 .debug_rnglists
                0x00000368       0x44 build/stm32l4xx_hal_pcd_ex.o
 .debug_rnglists
                0x000003ac       0x6e build/stm32l4xx_hal_pwr.o
 .debug_rnglists
                0x0000041a       0xfd build/stm32l4xx_hal_pwr_ex.o
 .debug_rnglists
                0x00000517       0x7c build/stm32l4xx_hal_rcc.o
 .debug_rnglists
                0x00000593       0xdb build/stm32l4xx_hal_rcc_ex.o
 .debug_rnglists
                0x0000066e      0x1bb build/stm32l4xx_hal_uart.o
 .debug_rnglists
                0x00000829      0x140 build/stm32l4xx_ll_usb.o
 .debug_rnglists
                0x00000969       0x19 build/startup_stm32l496xx.o
 .debug_rnglists
                0x00000982       0x9b c:/users/curti/appdata/roaming/code/user/globalstorage/bmd.stm32-for-vscode/@xpack-dev-tools/arm-none-eabi-gcc/12.3.1-1.1.1/.content/bin/../lib/gcc/arm-none-eabi/12.3.1/thumb/v7e-m+fp/hard\libgcc.a(_udivmoddi4.o)

.debug_line     0x00000000     0xefd0
 .debug_line    0x00000000      0x619 build/main.o
 .debug_line    0x00000619      0x506 build/stm32l4xx_hal_msp.o
 .debug_line    0x00000b1f      0x177 build/stm32l4xx_it.o
 .debug_line    0x00000c96      0x339 build/system_stm32l4xx.o
 .debug_line    0x00000fcf      0x73c build/stm32l4xx_hal.o
 .debug_line    0x0000170b      0x8b6 build/stm32l4xx_hal_cortex.o
 .debug_line    0x00001fc1      0x74c build/stm32l4xx_hal_gpio.o
 .debug_line    0x0000270d     0x146b build/stm32l4xx_hal_pcd.o
 .debug_line    0x00003b78      0x55c build/stm32l4xx_hal_pcd_ex.o
 .debug_line    0x000040d4      0x4b8 build/stm32l4xx_hal_pwr.o
 .debug_line    0x0000458c      0xb4e build/stm32l4xx_hal_pwr_ex.o
 .debug_line    0x000050da      0xffd build/stm32l4xx_hal_rcc.o
 .debug_line    0x000060d7     0x1954 build/stm32l4xx_hal_rcc_ex.o
 .debug_line    0x00007a2b     0x525b build/stm32l4xx_hal_uart.o
 .debug_line    0x0000cc86     0x1c8b build/stm32l4xx_ll_usb.o
 .debug_line    0x0000e911       0x76 build/startup_stm32l496xx.o
 .debug_line    0x0000e987       0x4e c:/users/curti/appdata/roaming/code/user/globalstorage/bmd.stm32-for-vscode/@xpack-dev-tools/arm-none-eabi-gcc/12.3.1-1.1.1/.content/bin/../lib/gcc/arm-none-eabi/12.3.1/thumb/v7e-m+fp/hard\libgcc.a(_aeabi_uldivmod.o)
 .debug_line    0x0000e9d5      0x5b1 c:/users/curti/appdata/roaming/code/user/globalstorage/bmd.stm32-for-vscode/@xpack-dev-tools/arm-none-eabi-gcc/12.3.1-1.1.1/.content/bin/../lib/gcc/arm-none-eabi/12.3.1/thumb/v7e-m+fp/hard\libgcc.a(_udivmoddi4.o)
 .debug_line    0x0000ef86       0x4a c:/users/curti/appdata/roaming/code/user/globalstorage/bmd.stm32-for-vscode/@xpack-dev-tools/arm-none-eabi-gcc/12.3.1-1.1.1/.content/bin/../lib/gcc/arm-none-eabi/12.3.1/thumb/v7e-m+fp/hard\libgcc.a(_dvmd_tls.o)

.debug_str      0x00000000     0x4d00
 .debug_str     0x00000000      0xdcd build/main.o
                                0xe90 (size before relaxing)
 .debug_str     0x00000dcd      0x36a build/stm32l4xx_hal_msp.o
                                0xf35 (size before relaxing)
 .debug_str     0x00001137       0xb4 build/stm32l4xx_it.o
                                0x221 (size before relaxing)
 .debug_str     0x000011eb       0xef build/system_stm32l4xx.o
                                0x3d8 (size before relaxing)
 .debug_str     0x000012da      0x9f2 build/stm32l4xx_hal.o
                                0xd6c (size before relaxing)
 .debug_str     0x00001ccc      0x441 build/stm32l4xx_hal_cortex.o
                                0xc81 (size before relaxing)
 .debug_str     0x0000210d       0xfd build/stm32l4xx_hal_gpio.o
                                0x540 (size before relaxing)
 .debug_str     0x0000220a      0x7d4 build/stm32l4xx_hal_pcd.o
                                0xdfe (size before relaxing)
 .debug_str     0x000029de      0x199 build/stm32l4xx_hal_pcd_ex.o
                                0x81a (size before relaxing)
 .debug_str     0x00002b77      0x2d9 build/stm32l4xx_hal_pwr.o
                                0x6b9 (size before relaxing)
 .debug_str     0x00002e50      0x3eb build/stm32l4xx_hal_pwr_ex.o
                                0x812 (size before relaxing)
 .debug_str     0x0000323b      0x226 build/stm32l4xx_hal_rcc.o
                                0x8a2 (size before relaxing)
 .debug_str     0x00003461      0x48b build/stm32l4xx_hal_rcc_ex.o
                                0xce3 (size before relaxing)
 .debug_str     0x000038ec      0x7f8 build/stm32l4xx_hal_uart.o
                               0x1013 (size before relaxing)
 .debug_str     0x000040e4      0x47a build/stm32l4xx_ll_usb.o
                                0xd24 (size before relaxing)
 .debug_str     0x0000455e       0x32 build/startup_stm32l496xx.o
                                 0x70 (size before relaxing)
 .debug_str     0x00004590      0x112 c:/users/curti/appdata/roaming/code/user/globalstorage/bmd.stm32-for-vscode/@xpack-dev-tools/arm-none-eabi-gcc/12.3.1-1.1.1/.content/bin/../lib/gcc/arm-none-eabi/12.3.1/thumb/v7e-m+fp/hard\libgcc.a(_aeabi_uldivmod.o)
                                0x120 (size before relaxing)
 .debug_str     0x000046a2      0x5d3 c:/users/curti/appdata/roaming/code/user/globalstorage/bmd.stm32-for-vscode/@xpack-dev-tools/arm-none-eabi-gcc/12.3.1-1.1.1/.content/bin/../lib/gcc/arm-none-eabi/12.3.1/thumb/v7e-m+fp/hard\libgcc.a(_udivmoddi4.o)
                                0x72a (size before relaxing)
 .debug_str     0x00004c75       0x8b c:/users/curti/appdata/roaming/code/user/globalstorage/bmd.stm32-for-vscode/@xpack-dev-tools/arm-none-eabi-gcc/12.3.1-1.1.1/.content/bin/../lib/gcc/arm-none-eabi/12.3.1/thumb/v7e-m+fp/hard\libgcc.a(_dvmd_tls.o)
                                0x140 (size before relaxing)

.debug_frame    0x00000000     0x1e3c
 .debug_frame   0x00000000       0xac build/main.o
 .debug_frame   0x000000ac       0xa8 build/stm32l4xx_hal_msp.o
 .debug_frame   0x00000154       0xa8 build/stm32l4xx_it.o
 .debug_frame   0x000001fc       0x30 build/system_stm32l4xx.o
 .debug_frame   0x0000022c      0x274 build/stm32l4xx_hal.o
 .debug_frame   0x000004a0      0x1e4 build/stm32l4xx_hal_cortex.o
 .debug_frame   0x00000684       0xd0 build/stm32l4xx_hal_gpio.o
 .debug_frame   0x00000754      0x35c build/stm32l4xx_hal_pcd.o
 .debug_frame   0x00000ab0       0xb8 build/stm32l4xx_hal_pcd_ex.o
 .debug_frame   0x00000b68      0x120 build/stm32l4xx_hal_pwr.o
 .debug_frame   0x00000c88      0x298 build/stm32l4xx_hal_pwr_ex.o
 .debug_frame   0x00000f20      0x19c build/stm32l4xx_hal_rcc.o
 .debug_frame   0x000010bc      0x2a8 build/stm32l4xx_hal_rcc_ex.o
 .debug_frame   0x00001364      0x600 build/stm32l4xx_hal_uart.o
 .debug_frame   0x00001964      0x478 build/stm32l4xx_ll_usb.o
 .debug_frame   0x00001ddc       0x2c c:/users/curti/appdata/roaming/code/user/globalstorage/bmd.stm32-for-vscode/@xpack-dev-tools/arm-none-eabi-gcc/12.3.1-1.1.1/.content/bin/../lib/gcc/arm-none-eabi/12.3.1/thumb/v7e-m+fp/hard\libgcc.a(_aeabi_uldivmod.o)
 .debug_frame   0x00001e08       0x34 c:/users/curti/appdata/roaming/code/user/globalstorage/bmd.stm32-for-vscode/@xpack-dev-tools/arm-none-eabi-gcc/12.3.1-1.1.1/.content/bin/../lib/gcc/arm-none-eabi/12.3.1/thumb/v7e-m+fp/hard\libgcc.a(_udivmoddi4.o)

.debug_loclists
                0x00000000     0x7fdb
 .debug_loclists
                0x00000000       0xa5 build/stm32l4xx_hal_msp.o
 .debug_loclists
                0x000000a5       0xb5 build/system_stm32l4xx.o
 .debug_loclists
                0x0000015a      0x12f build/stm32l4xx_hal.o
 .debug_loclists
                0x00000289      0x439 build/stm32l4xx_hal_cortex.o
 .debug_loclists
                0x000006c2      0x267 build/stm32l4xx_hal_gpio.o
 .debug_loclists
                0x00000929      0xb0a build/stm32l4xx_hal_pcd.o
 .debug_loclists
                0x00001433      0x15b build/stm32l4xx_hal_pcd_ex.o
 .debug_loclists
                0x0000158e      0x114 build/stm32l4xx_hal_pwr.o
 .debug_loclists
                0x000016a2      0x63f build/stm32l4xx_hal_pwr_ex.o
 .debug_loclists
                0x00001ce1      0x558 build/stm32l4xx_hal_rcc.o
 .debug_loclists
                0x00002239     0x142b build/stm32l4xx_hal_rcc_ex.o
 .debug_loclists
                0x00003664     0x2bb9 build/stm32l4xx_hal_uart.o
 .debug_loclists
                0x0000621d     0x143a build/stm32l4xx_ll_usb.o
 .debug_loclists
                0x00007657      0x984 c:/users/curti/appdata/roaming/code/user/globalstorage/bmd.stm32-for-vscode/@xpack-dev-tools/arm-none-eabi-gcc/12.3.1-1.1.1/.content/bin/../lib/gcc/arm-none-eabi/12.3.1/thumb/v7e-m+fp/hard\libgcc.a(_udivmoddi4.o)

.debug_line_str
                0x00000000      0x172
 .debug_line_str
                0x00000000       0x54 build/startup_stm32l496xx.o
 .debug_line_str
                0x00000054      0x112 c:/users/curti/appdata/roaming/code/user/globalstorage/bmd.stm32-for-vscode/@xpack-dev-tools/arm-none-eabi-gcc/12.3.1-1.1.1/.content/bin/../lib/gcc/arm-none-eabi/12.3.1/thumb/v7e-m+fp/hard\libgcc.a(_aeabi_uldivmod.o)
 .debug_line_str
                0x00000166        0xc c:/users/curti/appdata/roaming/code/user/globalstorage/bmd.stm32-for-vscode/@xpack-dev-tools/arm-none-eabi-gcc/12.3.1-1.1.1/.content/bin/../lib/gcc/arm-none-eabi/12.3.1/thumb/v7e-m+fp/hard\libgcc.a(_dvmd_tls.o)
                                0x116 (size before relaxing)

Cross Reference Table

Symbol                                            File
ADC1_2_IRQHandler                                 build/startup_stm32l496xx.o
ADC3_IRQHandler                                   build/startup_stm32l496xx.o
AHBPrescTable                                     build/system_stm32l4xx.o
                                                  build/stm32l4xx_hal_rcc.o
APBPrescTable                                     build/system_stm32l4xx.o
                                                  build/stm32l4xx_hal_rcc.o
BusFault_Handler                                  build/stm32l4xx_it.o
CAN1_RX0_IRQHandler                               build/startup_stm32l496xx.o
CAN1_RX1_IRQHandler                               build/startup_stm32l496xx.o
CAN1_SCE_IRQHandler                               build/startup_stm32l496xx.o
CAN1_TX_IRQHandler                                build/startup_stm32l496xx.o
CAN2_RX0_IRQHandler                               build/startup_stm32l496xx.o
CAN2_RX1_IRQHandler                               build/startup_stm32l496xx.o
CAN2_SCE_IRQHandler                               build/startup_stm32l496xx.o
CAN2_TX_IRQHandler                                build/startup_stm32l496xx.o
COMP_IRQHandler                                   build/startup_stm32l496xx.o
CRS_IRQHandler                                    build/startup_stm32l496xx.o
DCMI_IRQHandler                                   build/startup_stm32l496xx.o
DFSDM1_FLT0_IRQHandler                            build/startup_stm32l496xx.o
DFSDM1_FLT1_IRQHandler                            build/startup_stm32l496xx.o
DFSDM1_FLT2_IRQHandler                            build/startup_stm32l496xx.o
DFSDM1_FLT3_IRQHandler                            build/startup_stm32l496xx.o
DMA1_Channel1_IRQHandler                          build/startup_stm32l496xx.o
DMA1_Channel2_IRQHandler                          build/startup_stm32l496xx.o
DMA1_Channel3_IRQHandler                          build/startup_stm32l496xx.o
DMA1_Channel4_IRQHandler                          build/startup_stm32l496xx.o
DMA1_Channel5_IRQHandler                          build/startup_stm32l496xx.o
DMA1_Channel6_IRQHandler                          build/startup_stm32l496xx.o
DMA1_Channel7_IRQHandler                          build/startup_stm32l496xx.o
DMA2D_IRQHandler                                  build/startup_stm32l496xx.o
DMA2_Channel1_IRQHandler                          build/startup_stm32l496xx.o
DMA2_Channel2_IRQHandler                          build/startup_stm32l496xx.o
DMA2_Channel3_IRQHandler                          build/startup_stm32l496xx.o
DMA2_Channel4_IRQHandler                          build/startup_stm32l496xx.o
DMA2_Channel5_IRQHandler                          build/startup_stm32l496xx.o
DMA2_Channel6_IRQHandler                          build/startup_stm32l496xx.o
DMA2_Channel7_IRQHandler                          build/startup_stm32l496xx.o
DebugMon_Handler                                  build/stm32l4xx_it.o
Default_Handler                                   build/startup_stm32l496xx.o
EXTI0_IRQHandler                                  build/startup_stm32l496xx.o
EXTI15_10_IRQHandler                              build/startup_stm32l496xx.o
EXTI1_IRQHandler                                  build/startup_stm32l496xx.o
EXTI2_IRQHandler                                  build/startup_stm32l496xx.o
EXTI3_IRQHandler                                  build/startup_stm32l496xx.o
EXTI4_IRQHandler                                  build/startup_stm32l496xx.o
EXTI9_5_IRQHandler                                build/startup_stm32l496xx.o
Error_Handler                                     build/main.o
                                                  build/stm32l4xx_hal_msp.o
FLASH_FlushCaches                                 build/stm32l4xx_hal_flash_ex.o
                                                  build/stm32l4xx_hal_flash.o
FLASH_IRQHandler                                  build/startup_stm32l496xx.o
FLASH_PageErase                                   build/stm32l4xx_hal_flash_ex.o
                                                  build/stm32l4xx_hal_flash.o
FLASH_WaitForLastOperation                        build/stm32l4xx_hal_flash.o
                                                  build/stm32l4xx_hal_flash_ex.o
FMC_IRQHandler                                    build/startup_stm32l496xx.o
FPU_IRQHandler                                    build/startup_stm32l496xx.o
HAL_DBGMCU_DisableDBGSleepMode                    build/stm32l4xx_hal.o
HAL_DBGMCU_DisableDBGStandbyMode                  build/stm32l4xx_hal.o
HAL_DBGMCU_DisableDBGStopMode                     build/stm32l4xx_hal.o
HAL_DBGMCU_EnableDBGSleepMode                     build/stm32l4xx_hal.o
HAL_DBGMCU_EnableDBGStandbyMode                   build/stm32l4xx_hal.o
HAL_DBGMCU_EnableDBGStopMode                      build/stm32l4xx_hal.o
HAL_DMA_Abort                                     build/stm32l4xx_hal_dma.o
                                                  build/stm32l4xx_hal_uart.o
HAL_DMA_Abort_IT                                  build/stm32l4xx_hal_dma.o
                                                  build/stm32l4xx_hal_uart.o
HAL_DMA_DeInit                                    build/stm32l4xx_hal_dma.o
HAL_DMA_GetError                                  build/stm32l4xx_hal_dma.o
                                                  build/stm32l4xx_hal_uart.o
HAL_DMA_GetState                                  build/stm32l4xx_hal_dma.o
HAL_DMA_IRQHandler                                build/stm32l4xx_hal_dma.o
HAL_DMA_Init                                      build/stm32l4xx_hal_dma.o
HAL_DMA_PollForTransfer                           build/stm32l4xx_hal_dma.o
HAL_DMA_RegisterCallback                          build/stm32l4xx_hal_dma.o
HAL_DMA_Start                                     build/stm32l4xx_hal_dma.o
HAL_DMA_Start_IT                                  build/stm32l4xx_hal_dma.o
                                                  build/stm32l4xx_hal_uart.o
HAL_DMA_UnRegisterCallback                        build/stm32l4xx_hal_dma.o
HAL_DeInit                                        build/stm32l4xx_hal.o
HAL_Delay                                         build/stm32l4xx_hal.o
                                                  build/stm32l4xx_ll_usb.o
                                                  build/stm32l4xx_hal_pcd_ex.o
                                                  build/main.o
HAL_EXTI_ClearConfigLine                          build/stm32l4xx_hal_exti.o
HAL_EXTI_ClearPending                             build/stm32l4xx_hal_exti.o
HAL_EXTI_GenerateSWI                              build/stm32l4xx_hal_exti.o
HAL_EXTI_GetConfigLine                            build/stm32l4xx_hal_exti.o
HAL_EXTI_GetHandle                                build/stm32l4xx_hal_exti.o
HAL_EXTI_GetPending                               build/stm32l4xx_hal_exti.o
HAL_EXTI_IRQHandler                               build/stm32l4xx_hal_exti.o
HAL_EXTI_RegisterCallback                         build/stm32l4xx_hal_exti.o
HAL_EXTI_SetConfigLine                            build/stm32l4xx_hal_exti.o
HAL_FLASHEx_DisableRunPowerDown                   build/stm32l4xx_hal_flash_ramfunc.o
HAL_FLASHEx_EnableRunPowerDown                    build/stm32l4xx_hal_flash_ramfunc.o
HAL_FLASHEx_Erase                                 build/stm32l4xx_hal_flash_ex.o
HAL_FLASHEx_Erase_IT                              build/stm32l4xx_hal_flash_ex.o
HAL_FLASHEx_OBGetConfig                           build/stm32l4xx_hal_flash_ex.o
HAL_FLASHEx_OBProgram                             build/stm32l4xx_hal_flash_ex.o
HAL_FLASH_EndOfOperationCallback                  build/stm32l4xx_hal_flash.o
HAL_FLASH_GetError                                build/stm32l4xx_hal_flash.o
HAL_FLASH_IRQHandler                              build/stm32l4xx_hal_flash.o
HAL_FLASH_Lock                                    build/stm32l4xx_hal_flash.o
HAL_FLASH_OB_Launch                               build/stm32l4xx_hal_flash.o
HAL_FLASH_OB_Lock                                 build/stm32l4xx_hal_flash.o
HAL_FLASH_OB_Unlock                               build/stm32l4xx_hal_flash.o
HAL_FLASH_OperationErrorCallback                  build/stm32l4xx_hal_flash.o
HAL_FLASH_Program                                 build/stm32l4xx_hal_flash.o
HAL_FLASH_Program_IT                              build/stm32l4xx_hal_flash.o
HAL_FLASH_Unlock                                  build/stm32l4xx_hal_flash.o
HAL_GPIO_DeInit                                   build/stm32l4xx_hal_gpio.o
                                                  build/stm32l4xx_hal_msp.o
HAL_GPIO_EXTI_Callback                            build/stm32l4xx_hal_gpio.o
HAL_GPIO_EXTI_IRQHandler                          build/stm32l4xx_hal_gpio.o
HAL_GPIO_Init                                     build/stm32l4xx_hal_gpio.o
                                                  build/stm32l4xx_hal_rcc_ex.o
                                                  build/stm32l4xx_hal_rcc.o
                                                  build/stm32l4xx_hal_msp.o
                                                  build/main.o
HAL_GPIO_LockPin                                  build/stm32l4xx_hal_gpio.o
HAL_GPIO_ReadPin                                  build/stm32l4xx_hal_gpio.o
                                                  build/main.o
HAL_GPIO_TogglePin                                build/stm32l4xx_hal_gpio.o
HAL_GPIO_WritePin                                 build/stm32l4xx_hal_gpio.o
                                                  build/main.o
HAL_GetDEVID                                      build/stm32l4xx_hal.o
HAL_GetHalVersion                                 build/stm32l4xx_hal.o
HAL_GetREVID                                      build/stm32l4xx_hal.o
HAL_GetTick                                       build/stm32l4xx_hal.o
                                                  build/stm32l4xx_hal_uart_ex.o
                                                  build/stm32l4xx_hal_uart.o
                                                  build/stm32l4xx_hal_rcc_ex.o
                                                  build/stm32l4xx_hal_rcc.o
                                                  build/stm32l4xx_hal_pcd_ex.o
                                                  build/stm32l4xx_hal_flash.o
                                                  build/stm32l4xx_hal_dma.o
HAL_GetTickFreq                                   build/stm32l4xx_hal.o
HAL_GetTickPrio                                   build/stm32l4xx_hal.o
HAL_GetUIDw0                                      build/stm32l4xx_hal.o
HAL_GetUIDw1                                      build/stm32l4xx_hal.o
HAL_GetUIDw2                                      build/stm32l4xx_hal.o
HAL_HalfDuplex_EnableReceiver                     build/stm32l4xx_hal_uart.o
HAL_HalfDuplex_EnableTransmitter                  build/stm32l4xx_hal_uart.o
HAL_HalfDuplex_Init                               build/stm32l4xx_hal_uart.o
HAL_IncTick                                       build/stm32l4xx_hal.o
                                                  build/stm32l4xx_it.o
HAL_Init                                          build/stm32l4xx_hal.o
                                                  build/main.o
HAL_InitTick                                      build/stm32l4xx_hal.o
                                                  build/stm32l4xx_hal_rcc.o
HAL_LIN_Init                                      build/stm32l4xx_hal_uart.o
HAL_LIN_SendBreak                                 build/stm32l4xx_hal_uart.o
HAL_MPU_ConfigRegion                              build/stm32l4xx_hal_cortex.o
HAL_MPU_Disable                                   build/stm32l4xx_hal_cortex.o
HAL_MPU_Enable                                    build/stm32l4xx_hal_cortex.o
HAL_MspDeInit                                     build/stm32l4xx_hal.o
HAL_MspInit                                       build/stm32l4xx_hal_msp.o
HAL_MultiProcessorEx_AddressLength_Set            build/stm32l4xx_hal_uart_ex.o
HAL_MultiProcessor_DisableMuteMode                build/stm32l4xx_hal_uart.o
HAL_MultiProcessor_EnableMuteMode                 build/stm32l4xx_hal_uart.o
HAL_MultiProcessor_EnterMuteMode                  build/stm32l4xx_hal_uart.o
HAL_MultiProcessor_Init                           build/stm32l4xx_hal_uart.o
HAL_NVIC_ClearPendingIRQ                          build/stm32l4xx_hal_cortex.o
HAL_NVIC_DisableIRQ                               build/stm32l4xx_hal_cortex.o
HAL_NVIC_EnableIRQ                                build/stm32l4xx_hal_cortex.o
HAL_NVIC_GetActive                                build/stm32l4xx_hal_cortex.o
HAL_NVIC_GetPendingIRQ                            build/stm32l4xx_hal_cortex.o
HAL_NVIC_GetPriority                              build/stm32l4xx_hal_cortex.o
HAL_NVIC_GetPriorityGrouping                      build/stm32l4xx_hal_cortex.o
HAL_NVIC_SetPendingIRQ                            build/stm32l4xx_hal_cortex.o
HAL_NVIC_SetPriority                              build/stm32l4xx_hal_cortex.o
                                                  build/stm32l4xx_hal.o
HAL_NVIC_SetPriorityGrouping                      build/stm32l4xx_hal_cortex.o
                                                  build/stm32l4xx_hal.o
HAL_NVIC_SystemReset                              build/stm32l4xx_hal_cortex.o
HAL_PCDEx_ActivateBCD                             build/stm32l4xx_hal_pcd_ex.o
HAL_PCDEx_ActivateLPM                             build/stm32l4xx_hal_pcd_ex.o
                                                  build/stm32l4xx_hal_pcd.o
HAL_PCDEx_BCD_Callback                            build/stm32l4xx_hal_pcd_ex.o
HAL_PCDEx_BCD_VBUSDetect                          build/stm32l4xx_hal_pcd_ex.o
HAL_PCDEx_DeActivateBCD                           build/stm32l4xx_hal_pcd_ex.o
HAL_PCDEx_DeActivateLPM                           build/stm32l4xx_hal_pcd_ex.o
HAL_PCDEx_LPM_Callback                            build/stm32l4xx_hal_pcd_ex.o
                                                  build/stm32l4xx_hal_pcd.o
HAL_PCDEx_SetRxFiFo                               build/stm32l4xx_hal_pcd_ex.o
HAL_PCDEx_SetTxFiFo                               build/stm32l4xx_hal_pcd_ex.o
HAL_PCD_ActivateRemoteWakeup                      build/stm32l4xx_hal_pcd.o
HAL_PCD_ConnectCallback                           build/stm32l4xx_hal_pcd.o
HAL_PCD_DataInStageCallback                       build/stm32l4xx_hal_pcd.o
HAL_PCD_DataOutStageCallback                      build/stm32l4xx_hal_pcd.o
HAL_PCD_DeActivateRemoteWakeup                    build/stm32l4xx_hal_pcd.o
HAL_PCD_DeInit                                    build/stm32l4xx_hal_pcd.o
HAL_PCD_DevConnect                                build/stm32l4xx_hal_pcd.o
HAL_PCD_DevDisconnect                             build/stm32l4xx_hal_pcd.o
HAL_PCD_DisconnectCallback                        build/stm32l4xx_hal_pcd.o
HAL_PCD_EP_Abort                                  build/stm32l4xx_hal_pcd.o
HAL_PCD_EP_Close                                  build/stm32l4xx_hal_pcd.o
HAL_PCD_EP_ClrStall                               build/stm32l4xx_hal_pcd.o
HAL_PCD_EP_Flush                                  build/stm32l4xx_hal_pcd.o
HAL_PCD_EP_GetRxCount                             build/stm32l4xx_hal_pcd.o
HAL_PCD_EP_Open                                   build/stm32l4xx_hal_pcd.o
HAL_PCD_EP_Receive                                build/stm32l4xx_hal_pcd.o
HAL_PCD_EP_SetStall                               build/stm32l4xx_hal_pcd.o
HAL_PCD_EP_Transmit                               build/stm32l4xx_hal_pcd.o
HAL_PCD_GetState                                  build/stm32l4xx_hal_pcd.o
HAL_PCD_IRQHandler                                build/stm32l4xx_hal_pcd.o
HAL_PCD_ISOINIncompleteCallback                   build/stm32l4xx_hal_pcd.o
HAL_PCD_ISOOUTIncompleteCallback                  build/stm32l4xx_hal_pcd.o
HAL_PCD_Init                                      build/stm32l4xx_hal_pcd.o
                                                  build/main.o
HAL_PCD_MspDeInit                                 build/stm32l4xx_hal_msp.o
HAL_PCD_MspInit                                   build/stm32l4xx_hal_msp.o
HAL_PCD_ResetCallback                             build/stm32l4xx_hal_pcd.o
HAL_PCD_ResumeCallback                            build/stm32l4xx_hal_pcd.o
HAL_PCD_SOFCallback                               build/stm32l4xx_hal_pcd.o
HAL_PCD_SetAddress                                build/stm32l4xx_hal_pcd.o
HAL_PCD_SetupStageCallback                        build/stm32l4xx_hal_pcd.o
HAL_PCD_Start                                     build/stm32l4xx_hal_pcd.o
HAL_PCD_Stop                                      build/stm32l4xx_hal_pcd.o
HAL_PCD_SuspendCallback                           build/stm32l4xx_hal_pcd.o
HAL_PWREx_ConfigPVM                               build/stm32l4xx_hal_pwr_ex.o
HAL_PWREx_ControlVoltageScaling                   build/stm32l4xx_hal_pwr_ex.o
                                                  build/main.o
HAL_PWREx_DisableBatteryCharging                  build/stm32l4xx_hal_pwr_ex.o
HAL_PWREx_DisableGPIOPullDown                     build/stm32l4xx_hal_pwr_ex.o
HAL_PWREx_DisableGPIOPullUp                       build/stm32l4xx_hal_pwr_ex.o
HAL_PWREx_DisableInternalWakeUpLine               build/stm32l4xx_hal_pwr_ex.o
HAL_PWREx_DisableLowPowerRunMode                  build/stm32l4xx_hal_pwr_ex.o
                                                  build/stm32l4xx_hal_pwr.o
HAL_PWREx_DisablePVM1                             build/stm32l4xx_hal_pwr_ex.o
HAL_PWREx_DisablePVM2                             build/stm32l4xx_hal_pwr_ex.o
HAL_PWREx_DisablePVM3                             build/stm32l4xx_hal_pwr_ex.o
HAL_PWREx_DisablePVM4                             build/stm32l4xx_hal_pwr_ex.o
HAL_PWREx_DisablePullUpPullDownConfig             build/stm32l4xx_hal_pwr_ex.o
HAL_PWREx_DisableSRAM2ContentRetention            build/stm32l4xx_hal_pwr_ex.o
HAL_PWREx_DisableVddIO2                           build/stm32l4xx_hal_pwr_ex.o
HAL_PWREx_DisableVddUSB                           build/stm32l4xx_hal_pwr_ex.o
                                                  build/stm32l4xx_hal_msp.o
HAL_PWREx_EnableBatteryCharging                   build/stm32l4xx_hal_pwr_ex.o
HAL_PWREx_EnableGPIOPullDown                      build/stm32l4xx_hal_pwr_ex.o
HAL_PWREx_EnableGPIOPullUp                        build/stm32l4xx_hal_pwr_ex.o
HAL_PWREx_EnableInternalWakeUpLine                build/stm32l4xx_hal_pwr_ex.o
HAL_PWREx_EnableLowPowerRunMode                   build/stm32l4xx_hal_pwr_ex.o
                                                  build/stm32l4xx_hal_pwr.o
HAL_PWREx_EnablePVM1                              build/stm32l4xx_hal_pwr_ex.o
HAL_PWREx_EnablePVM2                              build/stm32l4xx_hal_pwr_ex.o
HAL_PWREx_EnablePVM3                              build/stm32l4xx_hal_pwr_ex.o
HAL_PWREx_EnablePVM4                              build/stm32l4xx_hal_pwr_ex.o
HAL_PWREx_EnablePullUpPullDownConfig              build/stm32l4xx_hal_pwr_ex.o
HAL_PWREx_EnableSRAM2ContentRetention             build/stm32l4xx_hal_pwr_ex.o
HAL_PWREx_EnableVddIO2                            build/stm32l4xx_hal_pwr_ex.o
                                                  build/stm32l4xx_hal_msp.o
                                                  build/main.o
HAL_PWREx_EnableVddUSB                            build/stm32l4xx_hal_pwr_ex.o
                                                  build/stm32l4xx_hal_msp.o
HAL_PWREx_EnterSHUTDOWNMode                       build/stm32l4xx_hal_pwr_ex.o
HAL_PWREx_EnterSTOP0Mode                          build/stm32l4xx_hal_pwr_ex.o
                                                  build/stm32l4xx_hal_pwr.o
HAL_PWREx_EnterSTOP1Mode                          build/stm32l4xx_hal_pwr_ex.o
                                                  build/stm32l4xx_hal_pwr.o
HAL_PWREx_EnterSTOP2Mode                          build/stm32l4xx_hal_pwr_ex.o
HAL_PWREx_GetVoltageRange                         build/stm32l4xx_hal_pwr_ex.o
                                                  build/stm32l4xx_hal_rcc.o
HAL_PWREx_PVD_PVM_IRQHandler                      build/stm32l4xx_hal_pwr_ex.o
HAL_PWREx_PVM1Callback                            build/stm32l4xx_hal_pwr_ex.o
HAL_PWREx_PVM2Callback                            build/stm32l4xx_hal_pwr_ex.o
HAL_PWREx_PVM3Callback                            build/stm32l4xx_hal_pwr_ex.o
HAL_PWREx_PVM4Callback                            build/stm32l4xx_hal_pwr_ex.o
HAL_PWREx_SetSRAM2ContentRetention                build/stm32l4xx_hal_pwr_ex.o
HAL_PWR_ConfigPVD                                 build/stm32l4xx_hal_pwr.o
HAL_PWR_DeInit                                    build/stm32l4xx_hal_pwr.o
HAL_PWR_DisableBkUpAccess                         build/stm32l4xx_hal_pwr.o
                                                  build/stm32l4xx_hal_rcc_ex.o
HAL_PWR_DisablePVD                                build/stm32l4xx_hal_pwr.o
HAL_PWR_DisableSEVOnPend                          build/stm32l4xx_hal_pwr.o
HAL_PWR_DisableSleepOnExit                        build/stm32l4xx_hal_pwr.o
HAL_PWR_DisableWakeUpPin                          build/stm32l4xx_hal_pwr.o
HAL_PWR_EnableBkUpAccess                          build/stm32l4xx_hal_pwr.o
                                                  build/stm32l4xx_hal_rcc_ex.o
                                                  build/main.o
HAL_PWR_EnablePVD                                 build/stm32l4xx_hal_pwr.o
HAL_PWR_EnableSEVOnPend                           build/stm32l4xx_hal_pwr.o
HAL_PWR_EnableSleepOnExit                         build/stm32l4xx_hal_pwr.o
HAL_PWR_EnableWakeUpPin                           build/stm32l4xx_hal_pwr.o
HAL_PWR_EnterSLEEPMode                            build/stm32l4xx_hal_pwr.o
HAL_PWR_EnterSTANDBYMode                          build/stm32l4xx_hal_pwr.o
HAL_PWR_EnterSTOPMode                             build/stm32l4xx_hal_pwr.o
HAL_PWR_PVDCallback                               build/stm32l4xx_hal_pwr.o
                                                  build/stm32l4xx_hal_pwr_ex.o
HAL_RCCEx_CRSConfig                               build/stm32l4xx_hal_rcc_ex.o
HAL_RCCEx_CRSGetSynchronizationInfo               build/stm32l4xx_hal_rcc_ex.o
HAL_RCCEx_CRSSoftwareSynchronizationGenerate      build/stm32l4xx_hal_rcc_ex.o
HAL_RCCEx_CRSWaitSynchronization                  build/stm32l4xx_hal_rcc_ex.o
HAL_RCCEx_CRS_ErrorCallback                       build/stm32l4xx_hal_rcc_ex.o
HAL_RCCEx_CRS_ExpectedSyncCallback                build/stm32l4xx_hal_rcc_ex.o
HAL_RCCEx_CRS_IRQHandler                          build/stm32l4xx_hal_rcc_ex.o
HAL_RCCEx_CRS_SyncOkCallback                      build/stm32l4xx_hal_rcc_ex.o
HAL_RCCEx_CRS_SyncWarnCallback                    build/stm32l4xx_hal_rcc_ex.o
HAL_RCCEx_DisableLSCO                             build/stm32l4xx_hal_rcc_ex.o
HAL_RCCEx_DisableLSECSS                           build/stm32l4xx_hal_rcc_ex.o
HAL_RCCEx_DisableMSIPLLMode                       build/stm32l4xx_hal_rcc_ex.o
HAL_RCCEx_DisablePLLSAI1                          build/stm32l4xx_hal_rcc_ex.o
HAL_RCCEx_DisablePLLSAI2                          build/stm32l4xx_hal_rcc_ex.o
HAL_RCCEx_EnableLSCO                              build/stm32l4xx_hal_rcc_ex.o
HAL_RCCEx_EnableLSECSS                            build/stm32l4xx_hal_rcc_ex.o
HAL_RCCEx_EnableLSECSS_IT                         build/stm32l4xx_hal_rcc_ex.o
HAL_RCCEx_EnableMSIPLLMode                        build/stm32l4xx_hal_rcc_ex.o
                                                  build/main.o
HAL_RCCEx_EnablePLLSAI1                           build/stm32l4xx_hal_rcc_ex.o
HAL_RCCEx_EnablePLLSAI2                           build/stm32l4xx_hal_rcc_ex.o
HAL_RCCEx_GetPeriphCLKConfig                      build/stm32l4xx_hal_rcc_ex.o
HAL_RCCEx_GetPeriphCLKFreq                        build/stm32l4xx_hal_rcc_ex.o
HAL_RCCEx_LSECSS_Callback                         build/stm32l4xx_hal_rcc_ex.o
HAL_RCCEx_LSECSS_IRQHandler                       build/stm32l4xx_hal_rcc_ex.o
HAL_RCCEx_PeriphCLKConfig                         build/stm32l4xx_hal_rcc_ex.o
                                                  build/stm32l4xx_hal_msp.o
HAL_RCCEx_StandbyMSIRangeConfig                   build/stm32l4xx_hal_rcc_ex.o
HAL_RCCEx_WakeUpStopCLKConfig                     build/stm32l4xx_hal_rcc_ex.o
HAL_RCC_CSSCallback                               build/stm32l4xx_hal_rcc.o
HAL_RCC_ClockConfig                               build/stm32l4xx_hal_rcc.o
                                                  build/main.o
HAL_RCC_DeInit                                    build/stm32l4xx_hal_rcc.o
HAL_RCC_EnableCSS                                 build/stm32l4xx_hal_rcc.o
HAL_RCC_GetClockConfig                            build/stm32l4xx_hal_rcc.o
HAL_RCC_GetHCLKFreq                               build/stm32l4xx_hal_rcc.o
                                                  build/stm32l4xx_hal_pcd.o
HAL_RCC_GetOscConfig                              build/stm32l4xx_hal_rcc.o
HAL_RCC_GetPCLK1Freq                              build/stm32l4xx_hal_rcc.o
                                                  build/stm32l4xx_hal_uart.o
                                                  build/stm32l4xx_hal_rcc_ex.o
HAL_RCC_GetPCLK2Freq                              build/stm32l4xx_hal_rcc.o
                                                  build/stm32l4xx_hal_uart.o
                                                  build/stm32l4xx_hal_rcc_ex.o
HAL_RCC_GetResetSource                            build/stm32l4xx_hal_rcc.o
HAL_RCC_GetSysClockFreq                           build/stm32l4xx_hal_rcc.o
                                                  build/stm32l4xx_hal_uart.o
                                                  build/stm32l4xx_hal_rcc_ex.o
HAL_RCC_MCOConfig                                 build/stm32l4xx_hal_rcc.o
HAL_RCC_NMI_IRQHandler                            build/stm32l4xx_hal_rcc.o
HAL_RCC_OscConfig                                 build/stm32l4xx_hal_rcc.o
                                                  build/main.o
HAL_RS485Ex_Init                                  build/stm32l4xx_hal_uart_ex.o
HAL_ResumeTick                                    build/stm32l4xx_hal.o
HAL_SYSCFG_DisableIOAnalogSwitchBooster           build/stm32l4xx_hal.o
HAL_SYSCFG_DisableMemorySwappingBank              build/stm32l4xx_hal.o
HAL_SYSCFG_DisableVREFBUF                         build/stm32l4xx_hal.o
HAL_SYSCFG_EnableIOAnalogSwitchBooster            build/stm32l4xx_hal.o
HAL_SYSCFG_EnableMemorySwappingBank               build/stm32l4xx_hal.o
HAL_SYSCFG_EnableVREFBUF                          build/stm32l4xx_hal.o
HAL_SYSCFG_SRAM2Erase                             build/stm32l4xx_hal.o
HAL_SYSCFG_VREFBUF_HighImpedanceConfig            build/stm32l4xx_hal.o
HAL_SYSCFG_VREFBUF_TrimmingConfig                 build/stm32l4xx_hal.o
HAL_SYSCFG_VREFBUF_VoltageScalingConfig           build/stm32l4xx_hal.o
HAL_SYSTICK_CLKSourceConfig                       build/stm32l4xx_hal_cortex.o
HAL_SYSTICK_Callback                              build/stm32l4xx_hal_cortex.o
HAL_SYSTICK_Config                                build/stm32l4xx_hal_cortex.o
                                                  build/stm32l4xx_hal.o
HAL_SYSTICK_IRQHandler                            build/stm32l4xx_hal_cortex.o
HAL_SetTickFreq                                   build/stm32l4xx_hal.o
HAL_SuspendTick                                   build/stm32l4xx_hal.o
HAL_UARTEx_DisableClockStopMode                   build/stm32l4xx_hal_uart_ex.o
HAL_UARTEx_DisableStopMode                        build/stm32l4xx_hal_uart_ex.o
HAL_UARTEx_EnableClockStopMode                    build/stm32l4xx_hal_uart_ex.o
HAL_UARTEx_EnableStopMode                         build/stm32l4xx_hal_uart_ex.o
HAL_UARTEx_GetRxEventType                         build/stm32l4xx_hal_uart_ex.o
HAL_UARTEx_ReceiveToIdle                          build/stm32l4xx_hal_uart_ex.o
HAL_UARTEx_ReceiveToIdle_DMA                      build/stm32l4xx_hal_uart_ex.o
HAL_UARTEx_ReceiveToIdle_IT                       build/stm32l4xx_hal_uart_ex.o
HAL_UARTEx_RxEventCallback                        build/stm32l4xx_hal_uart.o
HAL_UARTEx_StopModeWakeUpSourceConfig             build/stm32l4xx_hal_uart_ex.o
HAL_UARTEx_WakeupCallback                         build/stm32l4xx_hal_uart_ex.o
                                                  build/stm32l4xx_hal_uart.o
HAL_UART_Abort                                    build/stm32l4xx_hal_uart.o
HAL_UART_AbortCpltCallback                        build/stm32l4xx_hal_uart.o
HAL_UART_AbortReceive                             build/stm32l4xx_hal_uart.o
HAL_UART_AbortReceiveCpltCallback                 build/stm32l4xx_hal_uart.o
HAL_UART_AbortReceive_IT                          build/stm32l4xx_hal_uart.o
HAL_UART_AbortTransmit                            build/stm32l4xx_hal_uart.o
HAL_UART_AbortTransmitCpltCallback                build/stm32l4xx_hal_uart.o
HAL_UART_AbortTransmit_IT                         build/stm32l4xx_hal_uart.o
HAL_UART_Abort_IT                                 build/stm32l4xx_hal_uart.o
HAL_UART_DMAPause                                 build/stm32l4xx_hal_uart.o
HAL_UART_DMAResume                                build/stm32l4xx_hal_uart.o
HAL_UART_DMAStop                                  build/stm32l4xx_hal_uart.o
HAL_UART_DeInit                                   build/stm32l4xx_hal_uart.o
HAL_UART_DisableReceiverTimeout                   build/stm32l4xx_hal_uart.o
HAL_UART_EnableReceiverTimeout                    build/stm32l4xx_hal_uart.o
HAL_UART_ErrorCallback                            build/stm32l4xx_hal_uart.o
HAL_UART_GetError                                 build/stm32l4xx_hal_uart.o
HAL_UART_GetState                                 build/stm32l4xx_hal_uart.o
HAL_UART_IRQHandler                               build/stm32l4xx_hal_uart.o
HAL_UART_Init                                     build/stm32l4xx_hal_uart.o
                                                  build/main.o
HAL_UART_MspDeInit                                build/stm32l4xx_hal_msp.o
HAL_UART_MspInit                                  build/stm32l4xx_hal_msp.o
                                                  build/stm32l4xx_hal_uart_ex.o
HAL_UART_Receive                                  build/stm32l4xx_hal_uart.o
HAL_UART_Receive_DMA                              build/stm32l4xx_hal_uart.o
HAL_UART_Receive_IT                               build/stm32l4xx_hal_uart.o
HAL_UART_ReceiverTimeout_Config                   build/stm32l4xx_hal_uart.o
HAL_UART_RxCpltCallback                           build/stm32l4xx_hal_uart.o
HAL_UART_RxHalfCpltCallback                       build/stm32l4xx_hal_uart.o
HAL_UART_Transmit                                 build/stm32l4xx_hal_uart.o
HAL_UART_Transmit_DMA                             build/stm32l4xx_hal_uart.o
HAL_UART_Transmit_IT                              build/stm32l4xx_hal_uart.o
HAL_UART_TxCpltCallback                           build/stm32l4xx_hal_uart.o
HAL_UART_TxHalfCpltCallback                       build/stm32l4xx_hal_uart.o
HardFault_Handler                                 build/stm32l4xx_it.o
I2C1_ER_IRQHandler                                build/startup_stm32l496xx.o
I2C1_EV_IRQHandler                                build/startup_stm32l496xx.o
I2C2_ER_IRQHandler                                build/startup_stm32l496xx.o
I2C2_EV_IRQHandler                                build/startup_stm32l496xx.o
I2C3_ER_IRQHandler                                build/startup_stm32l496xx.o
I2C3_EV_IRQHandler                                build/startup_stm32l496xx.o
I2C4_ER_IRQHandler                                build/startup_stm32l496xx.o
I2C4_EV_IRQHandler                                build/startup_stm32l496xx.o
LCD_IRQHandler                                    build/startup_stm32l496xx.o
LPTIM1_IRQHandler                                 build/startup_stm32l496xx.o
LPTIM2_IRQHandler                                 build/startup_stm32l496xx.o
LPUART1_IRQHandler                                build/startup_stm32l496xx.o
MSIRangeTable                                     build/system_stm32l4xx.o
                                                  build/stm32l4xx_hal_rcc_ex.o
                                                  build/stm32l4xx_hal_rcc.o
MemManage_Handler                                 build/stm32l4xx_it.o
NMI_Handler                                       build/stm32l4xx_it.o
OTG_FS_IRQHandler                                 build/startup_stm32l496xx.o
PVD_PVM_IRQHandler                                build/startup_stm32l496xx.o
PendSV_Handler                                    build/stm32l4xx_it.o
QUADSPI_IRQHandler                                build/startup_stm32l496xx.o
RCC_IRQHandler                                    build/startup_stm32l496xx.o
RNG_IRQHandler                                    build/startup_stm32l496xx.o
RTC_Alarm_IRQHandler                              build/startup_stm32l496xx.o
RTC_WKUP_IRQHandler                               build/startup_stm32l496xx.o
Reset_Handler                                     build/startup_stm32l496xx.o
SAI1_IRQHandler                                   build/startup_stm32l496xx.o
SAI2_IRQHandler                                   build/startup_stm32l496xx.o
SDMMC1_IRQHandler                                 build/startup_stm32l496xx.o
SPI1_IRQHandler                                   build/startup_stm32l496xx.o
SPI2_IRQHandler                                   build/startup_stm32l496xx.o
SPI3_IRQHandler                                   build/startup_stm32l496xx.o
SVC_Handler                                       build/stm32l4xx_it.o
SWPMI1_IRQHandler                                 build/startup_stm32l496xx.o
SysTick_Handler                                   build/stm32l4xx_it.o
SystemClock_Config                                build/main.o
SystemCoreClock                                   build/system_stm32l4xx.o
                                                  build/stm32l4xx_hal_rcc.o
                                                  build/stm32l4xx_hal_pwr_ex.o
                                                  build/stm32l4xx_hal.o
SystemCoreClockUpdate                             build/system_stm32l4xx.o
SystemInit                                        build/system_stm32l4xx.o
                                                  build/startup_stm32l496xx.o
TAMP_STAMP_IRQHandler                             build/startup_stm32l496xx.o
TIM1_BRK_TIM15_IRQHandler                         build/startup_stm32l496xx.o
TIM1_CC_IRQHandler                                build/startup_stm32l496xx.o
TIM1_TRG_COM_TIM17_IRQHandler                     build/startup_stm32l496xx.o
TIM1_UP_TIM16_IRQHandler                          build/startup_stm32l496xx.o
TIM2_IRQHandler                                   build/startup_stm32l496xx.o
TIM3_IRQHandler                                   build/startup_stm32l496xx.o
TIM4_IRQHandler                                   build/startup_stm32l496xx.o
TIM5_IRQHandler                                   build/startup_stm32l496xx.o
TIM6_DAC_IRQHandler                               build/startup_stm32l496xx.o
TIM7_IRQHandler                                   build/startup_stm32l496xx.o
TIM8_BRK_IRQHandler                               build/startup_stm32l496xx.o
TIM8_CC_IRQHandler                                build/startup_stm32l496xx.o
TIM8_TRG_COM_IRQHandler                           build/startup_stm32l496xx.o
TIM8_UP_IRQHandler                                build/startup_stm32l496xx.o
TSC_IRQHandler                                    build/startup_stm32l496xx.o
UART4_IRQHandler                                  build/startup_stm32l496xx.o
UART5_IRQHandler                                  build/startup_stm32l496xx.o
UART_AdvFeatureConfig                             build/stm32l4xx_hal_uart.o
                                                  build/stm32l4xx_hal_uart_ex.o
UART_CheckIdleState                               build/stm32l4xx_hal_uart.o
                                                  build/stm32l4xx_hal_uart_ex.o
UART_SetConfig                                    build/stm32l4xx_hal_uart.o
                                                  build/stm32l4xx_hal_uart_ex.o
UART_Start_Receive_DMA                            build/stm32l4xx_hal_uart.o
                                                  build/stm32l4xx_hal_uart_ex.o
UART_Start_Receive_IT                             build/stm32l4xx_hal_uart.o
                                                  build/stm32l4xx_hal_uart_ex.o
UART_WaitOnFlagUntilTimeout                       build/stm32l4xx_hal_uart.o
                                                  build/stm32l4xx_hal_uart_ex.o
USART1_IRQHandler                                 build/startup_stm32l496xx.o
USART2_IRQHandler                                 build/startup_stm32l496xx.o
USART3_IRQHandler                                 build/startup_stm32l496xx.o
USB_ActivateDedicatedEndpoint                     build/stm32l4xx_ll_usb.o
USB_ActivateEndpoint                              build/stm32l4xx_ll_usb.o
                                                  build/stm32l4xx_hal_pcd.o
USB_ActivateRemoteWakeup                          build/stm32l4xx_ll_usb.o
                                                  build/stm32l4xx_hal_pcd.o
USB_ActivateSetup                                 build/stm32l4xx_ll_usb.o
                                                  build/stm32l4xx_hal_pcd.o
USB_ClearInterrupts                               build/stm32l4xx_ll_usb.o
USB_CoreInit                                      build/stm32l4xx_ll_usb.o
                                                  build/stm32l4xx_hal_pcd.o
USB_DeActivateRemoteWakeup                        build/stm32l4xx_ll_usb.o
                                                  build/stm32l4xx_hal_pcd.o
USB_DeactivateDedicatedEndpoint                   build/stm32l4xx_ll_usb.o
USB_DeactivateEndpoint                            build/stm32l4xx_ll_usb.o
                                                  build/stm32l4xx_hal_pcd.o
USB_DevConnect                                    build/stm32l4xx_ll_usb.o
                                                  build/stm32l4xx_hal_pcd.o
USB_DevDisconnect                                 build/stm32l4xx_ll_usb.o
                                                  build/stm32l4xx_hal_pcd.o
USB_DevInit                                       build/stm32l4xx_ll_usb.o
                                                  build/stm32l4xx_hal_pcd.o
USB_DisableGlobalInt                              build/stm32l4xx_ll_usb.o
                                                  build/stm32l4xx_hal_pcd.o
USB_DoPing                                        build/stm32l4xx_ll_usb.o
USB_DriveVbus                                     build/stm32l4xx_ll_usb.o
USB_EP0_OutStart                                  build/stm32l4xx_ll_usb.o
                                                  build/stm32l4xx_hal_pcd.o
USB_EPClearStall                                  build/stm32l4xx_ll_usb.o
                                                  build/stm32l4xx_hal_pcd.o
USB_EPSetStall                                    build/stm32l4xx_ll_usb.o
                                                  build/stm32l4xx_hal_pcd.o
USB_EPStartXfer                                   build/stm32l4xx_ll_usb.o
                                                  build/stm32l4xx_hal_pcd.o
USB_EPStopXfer                                    build/stm32l4xx_ll_usb.o
                                                  build/stm32l4xx_hal_pcd.o
USB_EnableGlobalInt                               build/stm32l4xx_ll_usb.o
                                                  build/stm32l4xx_hal_pcd.o
USB_FlushRxFifo                                   build/stm32l4xx_ll_usb.o
                                                  build/stm32l4xx_hal_pcd.o
USB_FlushTxFifo                                   build/stm32l4xx_ll_usb.o
                                                  build/stm32l4xx_hal_pcd.o
USB_GetCurrentFrame                               build/stm32l4xx_ll_usb.o
USB_GetDevSpeed                                   build/stm32l4xx_ll_usb.o
                                                  build/stm32l4xx_hal_pcd.o
USB_GetHostSpeed                                  build/stm32l4xx_ll_usb.o
USB_GetMode                                       build/stm32l4xx_ll_usb.o
                                                  build/stm32l4xx_hal_pcd.o
USB_HC_Halt                                       build/stm32l4xx_ll_usb.o
USB_HC_Init                                       build/stm32l4xx_ll_usb.o
USB_HC_ReadInterrupt                              build/stm32l4xx_ll_usb.o
USB_HC_StartXfer                                  build/stm32l4xx_ll_usb.o
USB_HostInit                                      build/stm32l4xx_ll_usb.o
USB_InitFSLSPClkSel                               build/stm32l4xx_ll_usb.o
USB_ReadChInterrupts                              build/stm32l4xx_ll_usb.o
USB_ReadDevAllInEpInterrupt                       build/stm32l4xx_ll_usb.o
                                                  build/stm32l4xx_hal_pcd.o
USB_ReadDevAllOutEpInterrupt                      build/stm32l4xx_ll_usb.o
                                                  build/stm32l4xx_hal_pcd.o
USB_ReadDevInEPInterrupt                          build/stm32l4xx_ll_usb.o
                                                  build/stm32l4xx_hal_pcd.o
USB_ReadDevOutEPInterrupt                         build/stm32l4xx_ll_usb.o
                                                  build/stm32l4xx_hal_pcd.o
USB_ReadInterrupts                                build/stm32l4xx_ll_usb.o
                                                  build/stm32l4xx_hal_pcd.o
USB_ReadPacket                                    build/stm32l4xx_ll_usb.o
                                                  build/stm32l4xx_hal_pcd.o
USB_ResetPort                                     build/stm32l4xx_ll_usb.o
USB_SetCurrentMode                                build/stm32l4xx_ll_usb.o